Component: ARM Compiler 6.7 Tool: armlink [5c9ef700]

==============================================================================

Section Cross References

    startup_stm32l432xx.o(RESET) refers to startup_stm32l432xx.o(STACK) for __initial_sp
    startup_stm32l432xx.o(RESET) refers to startup_stm32l432xx.o(.text) for Reset_Handler
    startup_stm32l432xx.o(RESET) refers to lto-llvm-3ef4fc.o(.text) for NMI_Handler
    startup_stm32l432xx.o(.text) refers to lto-llvm-3ef4fc.o(.text) for SystemInit
    startup_stm32l432xx.o(.text) refers to entry.o(.ARM.Collect$$$$00000000) for __main
    ai_platform.o(i.ai_buffer_array_get_byte_size) refers to ai_platform.o(i.ai_buffer_array_sane) for ai_buffer_array_sane
    ai_platform.o(i.ai_buffer_array_get_byte_size) refers to ai_platform.o(i.ai_buffer_get_size) for ai_buffer_get_size
    ai_platform.o(i.ai_buffer_array_get_byte_size) refers to ai_platform.o(i.ai_buffer_get_byte_size) for ai_buffer_get_byte_size
    ai_platform.o(i.ai_buffer_array_is_empty) refers to ai_platform.o(i.ai_buffer_array_sane) for ai_buffer_array_sane
    ai_platform.o(i.ai_buffer_array_is_valid) refers to ai_platform.o(i.ai_buffer_array_is_empty) for ai_buffer_array_is_empty
    ai_platform.o(i.ai_buffer_array_is_valid) refers to ai_platform.o(i.ai_buffer_array_sane) for ai_buffer_array_sane
    ai_platform.o(i.ai_buffer_array_is_valid) refers to ai_platform.o(i.ai_buffer_get_size) for ai_buffer_get_size
    ai_platform.o(i.ai_buffer_array_item_set_address) refers to ai_platform.o(i.ai_buffer_array_sane) for ai_buffer_array_sane
    ai_platform_interface.o(i.CRC_Lock) refers to ai_platform_interface.o(i._ai_platform_acquire_crc) for _ai_platform_acquire_crc
    ai_platform_interface.o(i.CRC_Lock) refers to ai_platform_interface.o(i._ai_platform_release_crc) for _ai_platform_release_crc
    ai_platform_interface.o(i._ai_platform_get_io_buffers_info) refers to memseta.o(.text) for __aeabi_memclr4
    ai_platform_interface.o(i._ai_platform_get_io_buffers_info) refers to ai_datatypes_format.o(i.ai_array_to_buffer_fmt) for ai_array_to_buffer_fmt
    ai_platform_interface.o(i._ai_platform_get_io_buffers_info) refers to memcpya.o(.text) for __aeabi_memcpy4
    ai_platform_interface.o(i._ai_platform_get_io_buffers_info) refers to ai_platform_interface.o(.constdata) for .constdata
    ai_platform_interface.o(i._platform_ai_buffer_array_copy) refers to memcpya.o(.text) for __aeabi_memcpy4
    ai_platform_interface.o(i._platform_get_table_map_from_buffer_array) refers to ai_platform.o(i.ai_buffer_array_sane) for ai_buffer_array_sane
    ai_platform_interface.o(i._platform_network_io_bind) refers to ai_platform.o(i.ai_buffer_get_size) for ai_buffer_get_size
    ai_platform_interface.o(i._platform_network_io_bind) refers to ai_datatypes_format.o(i.ai_array_get_data_byte_size) for ai_array_get_data_byte_size
    ai_platform_interface.o(i._platform_network_io_bind) refers to ai_datatypes_internal.o(i.get_tensor_byte_size) for get_tensor_byte_size
    ai_platform_interface.o(i._platform_network_io_bind) refers to ai_datatypes_format.o(i.ai_array_to_buffer_fmt) for ai_array_to_buffer_fmt
    ai_platform_interface.o(i._platform_network_io_bind) refers to ai_platform_interface.o(i._platform_network_state_setup) for _platform_network_state_setup
    ai_platform_interface.o(i._platform_network_io_bind) refers to ai_platform_interface.o(i.ai_platform_network_set_error) for ai_platform_network_set_error
    ai_platform_interface.o(i._platform_network_state_setup) refers to ai_datatypes_internal.o(i.get_tensor_byte_size) for get_tensor_byte_size
    ai_platform_interface.o(i._platform_network_state_update_input) refers to memcpya.o(.text) for __aeabi_memcpy
    ai_platform_interface.o(i._platform_network_state_update_output) refers to memcpya.o(.text) for __aeabi_memcpy
    ai_platform_interface.o(i.ai_platform_api_get_network_report) refers to ai_platform_interface.o(i.ai_platform_context_acquire) for ai_platform_context_acquire
    ai_platform_interface.o(i.ai_platform_api_get_network_report) refers to ai_platform_interface.o(i._ai_platform_get_io_buffers_info) for _ai_platform_get_io_buffers_info
    ai_platform_interface.o(i.ai_platform_api_get_network_report) refers to ai_platform.o(i.ai_buffer_array_sane) for ai_buffer_array_sane
    ai_platform_interface.o(i.ai_platform_api_get_network_report) refers to ai_platform_interface.o(i.ai_platform_network_set_error) for ai_platform_network_set_error
    ai_platform_interface.o(i.ai_platform_api_get_network_report) refers to ai_platform_interface.o(i.CRC_Lock) for CRC_Lock
    ai_platform_interface.o(i.ai_platform_api_get_network_report) refers to ai_platform_interface.o(i.ai_platform_runtime_get_version) for ai_platform_runtime_get_version
    ai_platform_interface.o(i.ai_platform_api_get_network_report) refers to ai_platform_interface.o(i.ai_platform_api_get_version) for ai_platform_api_get_version
[...]
    ../mathlib/sinhf.c                       0x00000000   Number         0  sinhf.o ABSOLUTE
    ../mathlib/sinhf.c                       0x00000000   Number         0  sinhf_x.o ABSOLUTE
    ../mathlib/sqrtf.c                       0x00000000   Number         0  sqrtf_x.o ABSOLUTE
    ../mathlib/sqrtf.c                       0x00000000   Number         0  sqrtf.o ABSOLUTE
    ../mathlib/tanf.c                        0x00000000   Number         0  tanf.o ABSOLUTE
    ../mathlib/tanf.c                        0x00000000   Number         0  tanf_x.o ABSOLUTE
    ../mathlib/tanhf.c                       0x00000000   Number         0  tanhf_x.o ABSOLUTE
    ../mathlib/tanhf.c                       0x00000000   Number         0  tanhf.o ABSOLUTE
    ..\..\..\src\api\ai_datatypes_format.c   0x00000000   Number         0  ai_datatypes_format.o ABSOLUTE
    ..\..\..\src\api\ai_datatypes_internal.c 0x00000000   Number         0  ai_datatypes_internal.o ABSOLUTE
    ..\..\..\src\api\ai_platform.c           0x00000000   Number         0  ai_platform.o ABSOLUTE
    ..\..\..\src\api\ai_platform_interface.c 0x00000000   Number         0  ai_platform_interface.o ABSOLUTE
    ..\..\..\src\core\core_common.c          0x00000000   Number         0  core_common.o ABSOLUTE
    ..\..\..\src\core\core_mem_manager.c     0x00000000   Number         0  core_mem_manager.o ABSOLUTE
    ..\..\..\src\helpers\ai_math_helpers.c   0x00000000   Number         0  ai_math_helpers.o ABSOLUTE
    ..\..\..\src\layers\layers.c             0x00000000   Number         0  layers.o ABSOLUTE
    ..\..\..\src\layers\layers_conv2d_generic_float.c 0x00000000   Number         0  layers_conv2d_generic_float.o ABSOLUTE
    ..\..\..\src\layers\layers_nl_generic_float.c 0x00000000   Number         0  layers_nl_generic_float.o ABSOLUTE
    ..\..\Drivers\CMSIS\DSP\Source\MatrixFunctions\arm_mat_init_f32.c 0x00000000   Number         0  arm_mat_init_f32.o ABSOLUTE
    ..\..\Drivers\ST_CMSIS\NN\Source\ConvolutionFunctions\st_convolve_reference.c 0x00000000   Number         0  st_convolve_reference.o ABSOLUTE
    ..\\..\\..\\src\\api\\ai_platform_interface.c 0x00000000   Number         0  ai_platform_interface.o ABSOLUTE
    ..\\..\\..\\src\\helpers\\ai_math_helpers.c 0x00000000   Number         0  ai_math_helpers.o ABSOLUTE
    ..\\..\\..\\src\\layers\\layers_conv2d_generic_float.c 0x00000000   Number         0  layers_conv2d_generic_float.o ABSOLUTE
    ..\\..\\Drivers\\CMSIS\\DSP\\Source\\MatrixFunctions\\arm_mat_init_f32.c 0x00000000   Number         0  arm_mat_init_f32.o ABSOLUTE
    ..\\..\\Drivers\\ST_CMSIS\\NN\\Source\\ConvolutionFunctions\\st_convolve_reference.c 0x00000000   Number         0  st_convolve_reference.o ABSOLUTE
    cdrcmple.s                               0x00000000   Number         0  cdrcmple.o ABSOLUTE
    dc.s                                     0x00000000   Number         0  dc.o ABSOLUTE
    handlers.s                               0x00000000   Number         0  handlers.o ABSOLUTE
    init.s                                   0x00000000   Number         0  init.o ABSOLUTE
    ld-temp.o                                0x00000000   Number         0  lto-llvm-3ef4fc.o ABSOLUTE
    startup_stm32l432xx.s                    0x00000000   Number         0  startup_stm32l432xx.o ABSOLUTE
    RESET                                    0x08000000   Section      396  startup_stm32l432xx.o(RESET)
    .ARM.Collect$$$$00000000                 0x0800018c   Section        0  entry.o(.ARM.Collect$$$$00000000)
    .ARM.Collect$$$$00000001                 0x0800018c   Section        4  entry2.o(.ARM.Collect$$$$00000001)
    .ARM.Collect$$$$00000004                 0x08000190   Section        4  entry5.o(.ARM.Collect$$$$00000004)
    .ARM.Collect$$$$00000008                 0x08000194   Section        0  entry7b.o(.ARM.Collect$$$$00000008)
    .ARM.Collect$$$$0000000A                 0x08000194   Section        0  entry8b.o(.ARM.Collect$$$$0000000A)
    .ARM.Collect$$$$0000000B                 0x08000194   Section        8  entry9a.o(.ARM.Collect$$$$0000000B)
    .ARM.Collect$$$$0000000D                 0x0800019c   Section        0  entry10a.o(.ARM.Collect$$$$0000000D)
    .ARM.Collect$$$$0000000F                 0x0800019c   Section        0  entry11a.o(.ARM.Collect$$$$0000000F)
    .ARM.Collect$$$$00002712                 0x0800019c   Section        4  entry2.o(.ARM.Collect$$$$00002712)
    __lit__00000000                          0x0800019c   Data           4  entry2.o(.ARM.Collect$$$$00002712)
    .text                                    0x080001a0   Section       36  startup_stm32l432xx.o(.text)
    $v0                                      0x080001a0   Number         0  startup_stm32l432xx.o(.text)
    .text                                    0x080001c4   Section        0  memcpya.o(.text)
    .text                                    0x080001e8   Section        0  memseta.o(.text)
    .text                                    0x0800020c   Section        0  memcmp.o(.text)
    .text                                    0x08000228   Section        0  __0scanf.o(.text)
    .text                                    0x08000248   Section        0  _scanf_int.o(.text)
    .text                                    0x0800039c   Section        0  scanf_fp.o(.text)
    _fp_value                                0x0800039d   Thumb Code   296  scanf_fp.o(.text)
    .text                                    0x08000702   Section        0  uidiv.o(.text)
    .text                                    0x0800072e   Section        0  uldiv.o(.text)
    .text                                    0x08000796   Section        0  llshl.o(.text)
    .text                                    0x080007b4   Section        0  _chval.o(.text)
    .text                                    0x080007d0   Section        0  scanf_char_file.o(.text)
    .text                                    0x080007e4   Section        0  dadd.o(.text)
    .text                                    0x080007e4   Section        0  iusefp.o(.text)
    .text                                    0x08000942   Section        0  dmul.o(.text)
    .text                                    0x08000a2c   Section        0  ddiv.o(.text)
    .text                                    0x08000b0a   Section        0  dfltul.o(.text)
    .text                                    0x08000b22   Section        0  dfixul.o(.text)
    .text                                    0x08000b54   Section       48  cdrcmple.o(.text)
    .text                                    0x08000b84   Section        0  d2f.o(.text)
    .text                                    0x08000bbc   Section       36  init.o(.text)
    .text                                    0x08000be0   Section        0  fgetc_b.o(.text)
    .text                                    0x08000c0c   Section        0  llushr.o(.text)
    .text                                    0x08000c2c   Section        0  llsshr.o(.text)
    .text                                    0x08000c50   Section        0  scanf_char.o(.text)
    _scanf_char_input                        0x08000c51   Thumb Code    12  scanf_char.o(.text)
    .text                                    0x08000c78   Section        0  fepilogue.o(.text)
    .text                                    0x08000ce6   Section        0  depilogue.o(.text)
    .text                                    0x08000da0   Section        0  semi.o(.text)
    .text                                    0x08000da0   Section        0  isspace_c.o(.text)
    .text                                    0x08000dac   Section        0  _scanf.o(.text)
    .text                                    0x080010de   Section        0  iusesemig.o(.text)
    .text                                    0x080010e0   Section        0  ctype_c.o(.text)
    [Anonymous Symbol]                       0x08001108   Section        0  lto-llvm-3ef4fc.o(.text)
    getCurrentMicros                         0x08001109   Thumb Code    72  lto-llvm-3ef4fc.o(.text)
    __arm_cp.0_0                             0x08001148   Number         4  lto-llvm-3ef4fc.o(.text)
    __arm_cp.0_1                             0x0800114c   Number         4  lto-llvm-3ef4fc.o(.text)
    __arm_cp.1_45                            0x080013e4   Number         4  lto-llvm-3ef4fc.o(.text)
    __arm_cp.1_46                            0x080013e8   Number         4  lto-llvm-3ef4fc.o(.text)
    __arm_cp.1_47                            0x080013ec   Number         4  lto-llvm-3ef4fc.o(.text)
    __arm_cp.1_48                            0x080013f0   Number         4  lto-llvm-3ef4fc.o(.text)
    __arm_cp.1_49                            0x080013f4   Number         4  lto-llvm-3ef4fc.o(.text)
    __arm_cp.1_50                            0x080013f8   Number         4  lto-llvm-3ef4fc.o(.text)
    __arm_cp.1_51                            0x080013fc   Number         4  lto-llvm-3ef4fc.o(.text)
    __arm_cp.1_52                            0x08001400   Number         4  lto-llvm-3ef4fc.o(.text)
    __arm_cp.1_53                            0x0800176c   Number         4  lto-llvm-3ef4fc.o(.text)
    __arm_cp.1_54                            0x08001770   Number         4  lto-llvm-3ef4fc.o(.text)
    __arm_cp.1_55                            0x08001774   Number         4  lto-llvm-3ef4fc.o(.text)
    __arm_cp.1_56                            0x08001778   Number         4  lto-llvm-3ef4fc.o(.text)
    __arm_cp.1_57                            0x0800177c   Number         4  lto-llvm-3ef4fc.o(.text)
    __arm_cp.1_58                            0x08001780   Number         4  lto-llvm-3ef4fc.o(.text)
    __arm_cp.1_59                            0x08001784   Number         4  lto-llvm-3ef4fc.o(.text)
    __arm_cp.1_60                            0x08001788   Number         4  lto-llvm-3ef4fc.o(.text)
    __arm_cp.1_61                            0x0800178c   Number         4  lto-llvm-3ef4fc.o(.text)
    __arm_cp.1_62                            0x08001790   Number         4  lto-llvm-3ef4fc.o(.text)
    __arm_cp.1_63                            0x08001794   Number         4  lto-llvm-3ef4fc.o(.text)
    __arm_cp.1_64                            0x08001798   Number         4  lto-llvm-3ef4fc.o(.text)
    __arm_cp.1_65                            0x0800179c   Number         4  lto-llvm-3ef4fc.o(.text)
    __arm_cp.1_4                             0x08001c18   Number         4  lto-llvm-3ef4fc.o(.text)
    AHBPrescTable                            0x08001c1c   Number         0  lto-llvm-3ef4fc.o(.text)
    __arm_cp.1_6                             0x08001c2c   Number         4  lto-llvm-3ef4fc.o(.text)
    __arm_cp.1_17                            0x08001c30   Number         4  lto-llvm-3ef4fc.o(.text)
    __arm_cp.1_25                            0x08001c34   Number         4  lto-llvm-3ef4fc.o(.text)
    __arm_cp.1_26                            0x08001c38   Number         4  lto-llvm-3ef4fc.o(.text)
    __arm_cp.1_27                            0x08001c3c   Number         4  lto-llvm-3ef4fc.o(.text)
    __arm_cp.1_28                            0x08001c40   Number         4  lto-llvm-3ef4fc.o(.text)
    __arm_cp.1_29                            0x08001c44   Number         4  lto-llvm-3ef4fc.o(.text)
    __arm_cp.1_30                            0x08001c48   Number         4  lto-llvm-3ef4fc.o(.text)
    __arm_cp.1_31                            0x08001c4c   Number         4  lto-llvm-3ef4fc.o(.text)
    __arm_cp.1_32                            0x08001c50   Number         4  lto-llvm-3ef4fc.o(.text)
    __arm_cp.1_34                            0x08001c5c   Number         4  lto-llvm-3ef4fc.o(.text)
    __arm_cp.1_41                            0x08001c7c   Number         4  lto-llvm-3ef4fc.o(.text)
    __arm_cp.2_0                             0x08001d20   Number         4  lto-llvm-3ef4fc.o(.text)
    __arm_cp.2_1                             0x08001d24   Number         4  lto-llvm-3ef4fc.o(.text)
    __arm_cp.3_0                             0x08001e00   Number         4  lto-llvm-3ef4fc.o(.text)
    __arm_cp.3_1                             0x08001e04   Number         4  lto-llvm-3ef4fc.o(.text)
    __arm_cp.12_0                            0x08001e24   Number         4  lto-llvm-3ef4fc.o(.text)
    HAL_InitTick                             0x08001e29   Thumb Code   124  lto-llvm-3ef4fc.o(.text)
    __arm_cp.13_0                            0x08001e98   Number         4  lto-llvm-3ef4fc.o(.text)
    __arm_cp.13_1                            0x08001e9c   Number         4  lto-llvm-3ef4fc.o(.text)
    __arm_cp.13_2                            0x08001ea0   Number         4  lto-llvm-3ef4fc.o(.text)
    RCC_SetFlashLatencyFromMSIRange          0x08001ea5   Thumb Code   140  lto-llvm-3ef4fc.o(.text)
    __arm_cp.14_0                            0x08001f24   Number         4  lto-llvm-3ef4fc.o(.text)
    __arm_cp.14_1                            0x08001f28   Number         4  lto-llvm-3ef4fc.o(.text)
    __arm_cp.14_2                            0x08001f2c   Number         4  lto-llvm-3ef4fc.o(.text)
    HAL_RCC_GetSysClockFreq                  0x08001f31   Thumb Code   216  lto-llvm-3ef4fc.o(.text)
    __arm_cp.15_0                            0x08001fcc   Number         4  lto-llvm-3ef4fc.o(.text)
    __arm_cp.15_1                            0x08001fd0   Number         4  lto-llvm-3ef4fc.o(.text)
    __arm_cp.15_2                            0x08001fd4   Number         4  lto-llvm-3ef4fc.o(.text)
    MSIRangeTable                            0x08001fd8   Number         0  lto-llvm-3ef4fc.o(.text)
    HAL_RCC_GetPCLK1Freq                     0x08002009   Thumb Code    36  lto-llvm-3ef4fc.o(.text)
    __arm_cp.16_0                            0x08002020   Number         4  lto-llvm-3ef4fc.o(.text)
    __arm_cp.16_1                            0x08002024   Number         4  lto-llvm-3ef4fc.o(.text)
    __arm_cp.16_2                            0x08002028   Number         4  lto-llvm-3ef4fc.o(.text)
    HAL_RCC_GetPCLK2Freq                     0x0800202d   Thumb Code    36  lto-llvm-3ef4fc.o(.text)
    __arm_cp.17_0                            0x08002044   Number         4  lto-llvm-3ef4fc.o(.text)
    __arm_cp.17_1                            0x08002048   Number         4  lto-llvm-3ef4fc.o(.text)
    __arm_cp.17_2                            0x0800204c   Number         4  lto-llvm-3ef4fc.o(.text)
    HAL_GPIO_Init                            0x08002051   Thumb Code   424  lto-llvm-3ef4fc.o(.text)
    __arm_cp.18_0                            0x080021e0   Number         4  lto-llvm-3ef4fc.o(.text)
    __arm_cp.18_1                            0x080021e4   Number         4  lto-llvm-3ef4fc.o(.text)
    __arm_cp.18_2                            0x080021e8   Number         4  lto-llvm-3ef4fc.o(.text)
    __arm_cp.18_3                            0x080021ec   Number         4  lto-llvm-3ef4fc.o(.text)
    __arm_cp.18_4                            0x080021f0   Number         4  lto-llvm-3ef4fc.o(.text)
    __arm_cp.18_5                            0x080021f4   Number         4  lto-llvm-3ef4fc.o(.text)
    UART_WaitOnFlagUntilTimeout              0x080021f9   Thumb Code   216  lto-llvm-3ef4fc.o(.text)
    __arm_cp.19_0                            0x080022c8   Number         4  lto-llvm-3ef4fc.o(.text)
    __arm_cp.19_1                            0x080022cc   Number         4  lto-llvm-3ef4fc.o(.text)
    __arm_cp.20_0                            0x080022dc   Number         4  lto-llvm-3ef4fc.o(.text)
    .text                                    0x080022e6   Section        0  dfltui.o(.text)
    .text                                    0x08002300   Section        0  __dclz77c.o(.text)
    i.CRC_Lock                               0x08002360   Section        0  ai_platform_interface.o(i.CRC_Lock)
    CRC_Lock                                 0x08002361   Thumb Code    84  ai_platform_interface.o(i.CRC_Lock)
    i.__0printf                              0x080023cc   Section        0  printfa.o(i.__0printf)
    i.__ai_math_dot_array                    0x080023ec   Section        0  layers_conv2d_generic_float.o(i.__ai_math_dot_array)
    __ai_math_dot_array                      0x080023ed   Thumb Code   244  layers_conv2d_generic_float.o(i.__ai_math_dot_array)
    i.__free$realloc                         0x080024e4   Section        0  mallocr.o(i.__free$realloc)
    i.__malloc$realloc                       0x08002540   Section        0  mallocr.o(i.__malloc$realloc)
    i.__scatterload_copy                     0x08002590   Section       14  handlers.o(i.__scatterload_copy)
    i.__scatterload_null                     0x0800259e   Section        2  handlers.o(i.__scatterload_null)
    i.__scatterload_zeroinit                 0x080025a0   Section       14  handlers.o(i.__scatterload_zeroinit)
    i._ai_dict4_dot_array_f32                0x080025b0   Section        0  layers_conv2d_generic_float.o(i._ai_dict4_dot_array_f32)
    _ai_dict4_dot_array_f32                  0x080025b1   Thumb Code   294  layers_conv2d_generic_float.o(i._ai_dict4_dot_array_f32)
    i._ai_dict8_dot_array_f32                0x080026dc   Section        0  layers_conv2d_generic_float.o(i._ai_dict8_dot_array_f32)
    _ai_dict8_dot_array_f32                  0x080026dd   Thumb Code   228  layers_conv2d_generic_float.o(i._ai_dict8_dot_array_f32)
    i._ai_forward_layer                      0x080027c4   Section        0  layers.o(i._ai_forward_layer)
    _ai_forward_layer                        0x080027c5   Thumb Code    18  layers.o(i._ai_forward_layer)
    i._ai_platform_acquire_crc               0x080027d6   Section        0  ai_platform_interface.o(i._ai_platform_acquire_crc)
    i._ai_platform_get_io_buffers_info       0x080027dc   Section        0  ai_platform_interface.o(i._ai_platform_get_io_buffers_info)
    _ai_platform_get_io_buffers_info         0x080027dd   Thumb Code   202  ai_platform_interface.o(i._ai_platform_get_io_buffers_info)
    i._ai_platform_release_crc               0x080028b2   Section        0  ai_platform_interface.o(i._ai_platform_release_crc)
    i._fp_digits                             0x080028b4   Section        0  printfa.o(i._fp_digits)
    _fp_digits                               0x080028b5   Thumb Code   366  printfa.o(i._fp_digits)
    i._is_digit                              0x08002a3e   Section        0  scanf_fp.o(i._is_digit)
    i._platform_ai_buffer_array_copy         0x08002a4c   Section        0  ai_platform_interface.o(i._platform_ai_buffer_array_copy)
    _platform_ai_buffer_array_copy           0x08002a4d   Thumb Code    76  ai_platform_interface.o(i._platform_ai_buffer_array_copy)
    i._platform_get_table_map_from_buffer    0x08002a98   Section        0  ai_platform_interface.o(i._platform_get_table_map_from_buffer)
    _platform_get_table_map_from_buffer      0x08002a99   Thumb Code    74  ai_platform_interface.o(i._platform_get_table_map_from_buffer)
    i._platform_get_table_map_from_buffer_array 0x08002ae8   Section        0  ai_platform_interface.o(i._platform_get_table_map_from_buffer_array)
    _platform_get_table_map_from_buffer_array 0x08002ae9   Thumb Code    68  ai_platform_interface.o(i._platform_get_table_map_from_buffer_array)
    i._platform_network_buffers_signature_valid 0x08002b2c   Section        0  ai_platform_interface.o(i._platform_network_buffers_signature_valid)
    _platform_network_buffers_signature_valid 0x08002b2d   Thumb Code    14  ai_platform_interface.o(i._platform_network_buffers_signature_valid)
    i._platform_network_io_bind              0x08002b40   Section        0  ai_platform_interface.o(i._platform_network_io_bind)
    _platform_network_io_bind                0x08002b41   Thumb Code   528  ai_platform_interface.o(i._platform_network_io_bind)
    i._platform_network_state_setup          0x08002d56   Section        0  ai_platform_interface.o(i._platform_network_state_setup)
    _platform_network_state_setup            0x08002d57   Thumb Code    62  ai_platform_interface.o(i._platform_network_state_setup)
    i._platform_network_state_update_input   0x08002d94   Section        0  ai_platform_interface.o(i._platform_network_state_update_input)
    _platform_network_state_update_input     0x08002d95   Thumb Code   104  ai_platform_interface.o(i._platform_network_state_update_input)
    i._platform_network_state_update_output  0x08002dfc   Section        0  ai_platform_interface.o(i._platform_network_state_update_output)
    _platform_network_state_update_output    0x08002dfd   Thumb Code   128  ai_platform_interface.o(i._platform_network_state_update_output)
    i._printf_core                           0x08002e7c   Section        0  printfa.o(i._printf_core)
    _printf_core                             0x08002e7d   Thumb Code  1744  printfa.o(i._printf_core)
    i._printf_post_padding                   0x0800355e   Section        0  printfa.o(i._printf_post_padding)
    _printf_post_padding                     0x0800355f   Thumb Code    36  printfa.o(i._printf_post_padding)
    i._printf_pre_padding                    0x08003582   Section        0  printfa.o(i._printf_pre_padding)
    _printf_pre_padding                      0x08003583   Thumb Code    46  printfa.o(i._printf_pre_padding)
    i.ai_array_get_byte_size                 0x080035b0   Section        0  ai_datatypes_format.o(i.ai_array_get_byte_size)
    i.ai_array_get_data_byte_size            0x080035e6   Section        0  ai_datatypes_format.o(i.ai_array_get_data_byte_size)
    i.ai_array_to_buffer_fmt                 0x08003604   Section        0  ai_datatypes_format.o(i.ai_array_to_buffer_fmt)
    i.ai_buffer_array_item_set_address       0x0800372c   Section        0  ai_platform.o(i.ai_buffer_array_item_set_address)
    i.ai_buffer_array_sane                   0x08003750   Section        0  ai_platform.o(i.ai_buffer_array_sane)
    i.ai_buffer_get_size                     0x08003764   Section        0  ai_platform.o(i.ai_buffer_get_size)
    i.ai_check_custom_types                  0x080037cc   Section        0  layers.o(i.ai_check_custom_types)
    i.ai_conv2d_kernel_depthwise_f32         0x080037f8   Section        0  layers_conv2d_generic_float.o(i.ai_conv2d_kernel_depthwise_f32)
    ai_conv2d_kernel_depthwise_f32           0x080037f9   Thumb Code   282  layers_conv2d_generic_float.o(i.ai_conv2d_kernel_depthwise_f32)
    i.ai_conv2d_kernel_group_f32             0x08003920   Section        0  layers_conv2d_generic_float.o(i.ai_conv2d_kernel_group_f32)
    ai_conv2d_kernel_group_f32               0x08003921   Thumb Code   350  layers_conv2d_generic_float.o(i.ai_conv2d_kernel_group_f32)
    i.ai_conv2d_kernel_simple_opt_f32        0x08003a8c   Section        0  layers_conv2d_generic_float.o(i.ai_conv2d_kernel_simple_opt_f32)
    ai_conv2d_kernel_simple_opt_f32          0x08003a8d   Thumb Code   390  layers_conv2d_generic_float.o(i.ai_conv2d_kernel_simple_opt_f32)
    i.ai_conv2d_stripe_f32                   0x08003c18   Section        0  layers_conv2d_generic_float.o(i.ai_conv2d_stripe_f32)
    ai_conv2d_stripe_f32                     0x08003c19   Thumb Code   606  layers_conv2d_generic_float.o(i.ai_conv2d_stripe_f32)
    i.ai_dict_decompress_f32                 0x08003e8c   Section        0  layers_conv2d_generic_float.o(i.ai_dict_decompress_f32)
    i.ai_layers_forward_all                  0x08003f06   Section        0  layers.o(i.ai_layers_forward_all)
    i.ai_layers_init_all                     0x08003f54   Section        0  layers.o(i.ai_layers_init_all)
    i.ai_layers_post_init_all                0x08003f72   Section        0  layers.o(i.ai_layers_post_init_all)
    i.ai_platform_bind_network_params        0x08003fa8   Section        0  ai_platform_interface.o(i.ai_platform_bind_network_params)
    i.ai_platform_context_acquire            0x08003fd4   Section        0  ai_platform_interface.o(i.ai_platform_context_acquire)
    i.ai_platform_get_activations_map        0x08003ff0   Section        0  ai_platform_interface.o(i.ai_platform_get_activations_map)
    i.ai_platform_get_weights_map            0x0800401c   Section        0  ai_platform_interface.o(i.ai_platform_get_weights_map)
    i.ai_platform_inputs_get                 0x08004044   Section        0  ai_platform_interface.o(i.ai_platform_inputs_get)
    i.ai_platform_interface_api_get_version  0x08004080   Section        0  ai_platform_interface.o(i.ai_platform_interface_api_get_version)
    i.ai_platform_network_create             0x08004094   Section        0  ai_platform_interface.o(i.ai_platform_network_create)
    i.ai_platform_network_get_error          0x080041a4   Section        0  ai_platform_interface.o(i.ai_platform_network_get_error)
    i.ai_platform_network_init               0x080041c0   Section        0  ai_platform_interface.o(i.ai_platform_network_init)
    i.ai_platform_network_post_init          0x080042d2   Section        0  ai_platform_interface.o(i.ai_platform_network_post_init)
    i.ai_platform_network_process            0x08004318   Section        0  ai_platform_interface.o(i.ai_platform_network_process)
    i.ai_platform_network_set_error          0x0800436c   Section        0  ai_platform_interface.o(i.ai_platform_network_set_error)
    i.ai_platform_outputs_get                0x08004378   Section        0  ai_platform_interface.o(i.ai_platform_outputs_get)
    i.ai_shape_get_size                      0x080043bc   Section        0  layers_nl_generic_float.o(i.ai_shape_get_size)
    ai_shape_get_size                        0x080043bd   Thumb Code    26  layers_nl_generic_float.o(i.ai_shape_get_size)
    i.ai_version_get                         0x080043d6   Section        0  ai_datatypes_internal.o(i.ai_version_get)
    i.core_get_error                         0x080043e2   Section        0  core_common.o(i.core_get_error)
    i.core_init                              0x080043ee   Section        0  core_common.o(i.core_init)
    i.core_nl_get_params_byte_size           0x080043f2   Section        0  layers_conv2d_generic_float.o(i.core_nl_get_params_byte_size)
    core_nl_get_params_byte_size             0x080043f3   Thumb Code    16  layers_conv2d_generic_float.o(i.core_nl_get_params_byte_size)
    i.core_nl_get_params_ptr                 0x08004402   Section        0  layers_conv2d_generic_float.o(i.core_nl_get_params_ptr)
    core_nl_get_params_ptr                   0x08004403   Thumb Code    18  layers_conv2d_generic_float.o(i.core_nl_get_params_ptr)
    i.core_nl_get_params_stride              0x08004414   Section        0  layers_conv2d_generic_float.o(i.core_nl_get_params_stride)
    core_nl_get_params_stride                0x08004415   Thumb Code    16  layers_conv2d_generic_float.o(i.core_nl_get_params_stride)
    i.core_set_error                         0x08004424   Section        0  core_common.o(i.core_set_error)
    i.forward_conv2d                         0x08004440   Section        0  layers_conv2d_generic_float.o(i.forward_conv2d)
    i.forward_dense                          0x080046dc   Section        0  layers_conv2d_generic_float.o(i.forward_dense)
    i.forward_relu                           0x080048ea   Section        0  layers_nl_generic_float.o(i.forward_relu)
    i.func_dummy                             0x08004984   Section        0  layers_conv2d_generic_float.o(i.func_dummy)
    func_dummy                               0x08004985   Thumb Code     2  layers_conv2d_generic_float.o(i.func_dummy)
    i.get_tensor_byte_size                   0x08004988   Section        0  ai_datatypes_internal.o(i.get_tensor_byte_size)
    i.internal_alloc                         0x080049b0   Section        0  mallocr.o(i.internal_alloc)
    internal_alloc                           0x080049b1   Thumb Code    76  mallocr.o(i.internal_alloc)
    i.nl_func_relu_array_f32                 0x08004a00   Section        0  layers_nl_generic_float.o(i.nl_func_relu_array_f32)
    i.nl_func_relu_generic_array_f32         0x08004a44   Section        0  layers_nl_generic_float.o(i.nl_func_relu_generic_array_f32)
    i.nl_func_relu_thresholded_array_f32     0x08004b08   Section        0  layers_nl_generic_float.o(i.nl_func_relu_thresholded_array_f32)
    .constdata                               0x08004b50   Section      108  ai_platform_interface.o(.constdata)
    .constdata                               0x08004bbc   Section       64  ctype_c.o(.constdata)
    [Anonymous Symbol]                       0x08004c00   Section        0  lto-llvm-3ef4fc.o(.rodata)
    conv2d_1_chain                           0x08004c00   Data           8  lto-llvm-3ef4fc.o(.rodata)
    dense_3_chain                            0x08004c08   Data           8  lto-llvm-3ef4fc.o(.rodata)
    nl_3_nl_chain                            0x08004c10   Data           8  lto-llvm-3ef4fc.o(.rodata)
    dense_4_chain                            0x08004c18   Data           8  lto-llvm-3ef4fc.o(.rodata)
    nl_4_nl_chain                            0x08004c20   Data           8  lto-llvm-3ef4fc.o(.rodata)
    dense_5_chain                            0x08004c28   Data           8  lto-llvm-3ef4fc.o(.rodata)
    ai_network_data_params_get.map_weights   0x08004c30   Data           8  lto-llvm-3ef4fc.o(.rodata)
    ai_network_data_params_get.map_activations 0x08004c38   Data           8  lto-llvm-3ef4fc.o(.rodata)
    s_network_weights_array_u64              0x08004c40   Data        5288  lto-llvm-3ef4fc.o(.rodata)
    APBPrescTable                            0x080060e8   Data           8  lto-llvm-3ef4fc.o(.rodata.cst8)
    .data                                    0x20000000   Section        4  stdin.o(.data)
    .data                                    0x20000004   Section        4  stdout.o(.data)
    .data                                    0x20000008   Section        4  mvars.o(.data)
    .data                                    0x2000000c   Section        4  mvars.o(.data)
    .data                                    0x20000010   Section        3  fgetc_b.o(.data)
    ungetc_sp                                0x20000010   Data           1  fgetc_b.o(.data)
    ungetc_stack                             0x20000011   Data           2  fgetc_b.o(.data)
    [Anonymous Symbol]                       0x20000020   Section        0  lto-llvm-3ef4fc.o(.data)
    .compoundliteral.5                       0x20000020   Data          28  lto-llvm-3ef4fc.o(.data)
    .compoundliteral.7                       0x2000003c   Data          28  lto-llvm-3ef4fc.o(.data)
    .compoundliteral.18                      0x20000058   Data          24  lto-llvm-3ef4fc.o(.data)
    conv2d_1_layer                           0x20000070   Data          64  lto-llvm-3ef4fc.o(.data)
    dense_3_layer                            0x200000b0   Data          28  lto-llvm-3ef4fc.o(.data)
    .compoundliteral.90                      0x200000cc   Data          48  lto-llvm-3ef4fc.o(.data)
    .compoundliteral.86                      0x200000fc   Data           4  lto-llvm-3ef4fc.o(.data)
    .compoundliteral.87                      0x20000100   Data           4  lto-llvm-3ef4fc.o(.data)
    .compoundliteral.88                      0x20000104   Data          12  lto-llvm-3ef4fc.o(.data)
    conv2d_1_weights                         0x20000110   Data          28  lto-llvm-3ef4fc.o(.data)
    conv2d_1_bias                            0x2000012c   Data          28  lto-llvm-3ef4fc.o(.data)
    .compoundliteral.100                     0x20000148   Data          16  lto-llvm-3ef4fc.o(.data)
    .compoundliteral.101                     0x20000158   Data          16  lto-llvm-3ef4fc.o(.data)
    .compoundliteral.97                      0x20000168   Data          16  lto-llvm-3ef4fc.o(.data)
    .compoundliteral.98                      0x20000178   Data          16  lto-llvm-3ef4fc.o(.data)
    conv2d_1_output                          0x20000188   Data          28  lto-llvm-3ef4fc.o(.data)
    .compoundliteral.94                      0x200001a4   Data          16  lto-llvm-3ef4fc.o(.data)
    .compoundliteral.95                      0x200001b4   Data          16  lto-llvm-3ef4fc.o(.data)
    serving_default_input_1240_output0       0x200001c4   Data          28  lto-llvm-3ef4fc.o(.data)
    .compoundliteral.91                      0x200001e0   Data          16  lto-llvm-3ef4fc.o(.data)
    .compoundliteral.92                      0x200001f0   Data          16  lto-llvm-3ef4fc.o(.data)
    nl_3_nl_layer                            0x20000200   Data          32  lto-llvm-3ef4fc.o(.data)
    .compoundliteral.76                      0x20000220   Data          48  lto-llvm-3ef4fc.o(.data)
    .compoundliteral.72                      0x20000250   Data           4  lto-llvm-3ef4fc.o(.data)
    .compoundliteral.73                      0x20000254   Data           4  lto-llvm-3ef4fc.o(.data)
    .compoundliteral.74                      0x20000258   Data           8  lto-llvm-3ef4fc.o(.data)
    dense_3_weights                          0x20000260   Data          28  lto-llvm-3ef4fc.o(.data)
    dense_3_bias                             0x2000027c   Data          28  lto-llvm-3ef4fc.o(.data)
    .compoundliteral.83                      0x20000298   Data          16  lto-llvm-3ef4fc.o(.data)
    .compoundliteral.84                      0x200002a8   Data          16  lto-llvm-3ef4fc.o(.data)
    .compoundliteral.80                      0x200002b8   Data          16  lto-llvm-3ef4fc.o(.data)
    .compoundliteral.81                      0x200002c8   Data          16  lto-llvm-3ef4fc.o(.data)
    dense_3_output                           0x200002d8   Data          28  lto-llvm-3ef4fc.o(.data)
    .compoundliteral.69                      0x200002f4   Data          16  lto-llvm-3ef4fc.o(.data)
    .compoundliteral.70                      0x20000304   Data          16  lto-llvm-3ef4fc.o(.data)
    conv2d_1_output0                         0x20000314   Data          28  lto-llvm-3ef4fc.o(.data)
    .compoundliteral.77                      0x20000330   Data          16  lto-llvm-3ef4fc.o(.data)
    .compoundliteral.78                      0x20000340   Data          16  lto-llvm-3ef4fc.o(.data)
    dense_4_layer                            0x20000350   Data          28  lto-llvm-3ef4fc.o(.data)
    .compoundliteral.68                      0x2000036c   Data          48  lto-llvm-3ef4fc.o(.data)
    .compoundliteral.64                      0x2000039c   Data           4  lto-llvm-3ef4fc.o(.data)
    .compoundliteral.65                      0x200003a0   Data           4  lto-llvm-3ef4fc.o(.data)
    nl_3_nl_output                           0x200003a4   Data          28  lto-llvm-3ef4fc.o(.data)
    .compoundliteral.55                      0x200003c0   Data          16  lto-llvm-3ef4fc.o(.data)
    .compoundliteral.56                      0x200003d0   Data          16  lto-llvm-3ef4fc.o(.data)
    nl_4_nl_layer                            0x200003e0   Data          32  lto-llvm-3ef4fc.o(.data)
    .compoundliteral.54                      0x20000400   Data          48  lto-llvm-3ef4fc.o(.data)
    .compoundliteral.50                      0x20000430   Data           4  lto-llvm-3ef4fc.o(.data)
    .compoundliteral.51                      0x20000434   Data           4  lto-llvm-3ef4fc.o(.data)
    .compoundliteral.52                      0x20000438   Data           8  lto-llvm-3ef4fc.o(.data)
    dense_4_weights                          0x20000440   Data          28  lto-llvm-3ef4fc.o(.data)
    dense_4_bias                             0x2000045c   Data          28  lto-llvm-3ef4fc.o(.data)
    .compoundliteral.61                      0x20000478   Data          16  lto-llvm-3ef4fc.o(.data)
    .compoundliteral.62                      0x20000488   Data          16  lto-llvm-3ef4fc.o(.data)
    .compoundliteral.58                      0x20000498   Data          16  lto-llvm-3ef4fc.o(.data)
    .compoundliteral.59                      0x200004a8   Data          16  lto-llvm-3ef4fc.o(.data)
    dense_4_output                           0x200004b8   Data          28  lto-llvm-3ef4fc.o(.data)
    .compoundliteral.47                      0x200004d4   Data          16  lto-llvm-3ef4fc.o(.data)
    .compoundliteral.48                      0x200004e4   Data          16  lto-llvm-3ef4fc.o(.data)
    dense_5_layer                            0x200004f4   Data          28  lto-llvm-3ef4fc.o(.data)
    .compoundliteral.46                      0x20000510   Data          48  lto-llvm-3ef4fc.o(.data)
    .compoundliteral.42                      0x20000540   Data           4  lto-llvm-3ef4fc.o(.data)
    .compoundliteral.43                      0x20000544   Data           4  lto-llvm-3ef4fc.o(.data)
    nl_4_nl_output                           0x20000548   Data          28  lto-llvm-3ef4fc.o(.data)
    .compoundliteral.33                      0x20000564   Data          16  lto-llvm-3ef4fc.o(.data)
    .compoundliteral.34                      0x20000574   Data          16  lto-llvm-3ef4fc.o(.data)
    .compoundliteral.32                      0x20000584   Data          48  lto-llvm-3ef4fc.o(.data)
    .compoundliteral.28                      0x200005b4   Data           4  lto-llvm-3ef4fc.o(.data)
    .compoundliteral.29                      0x200005b8   Data           4  lto-llvm-3ef4fc.o(.data)
    .compoundliteral.30                      0x200005bc   Data           8  lto-llvm-3ef4fc.o(.data)
    dense_5_weights                          0x200005c4   Data          28  lto-llvm-3ef4fc.o(.data)
    dense_5_bias                             0x200005e0   Data          28  lto-llvm-3ef4fc.o(.data)
    .compoundliteral.39                      0x200005fc   Data          16  lto-llvm-3ef4fc.o(.data)
    .compoundliteral.40                      0x2000060c   Data          16  lto-llvm-3ef4fc.o(.data)
    .compoundliteral.36                      0x2000061c   Data          16  lto-llvm-3ef4fc.o(.data)
    .compoundliteral.37                      0x2000062c   Data          16  lto-llvm-3ef4fc.o(.data)
    dense_5_output                           0x2000063c   Data          28  lto-llvm-3ef4fc.o(.data)
    .compoundliteral.23                      0x20000658   Data          16  lto-llvm-3ef4fc.o(.data)
    .compoundliteral.24                      0x20000668   Data          16  lto-llvm-3ef4fc.o(.data)
    .compoundliteral.8                       0x20000678   Data           4  lto-llvm-3ef4fc.o(.data)
    .compoundliteral.12                      0x2000067c   Data          12  lto-llvm-3ef4fc.o(.data)
    .compoundliteral.13                      0x20000688   Data           4  lto-llvm-3ef4fc.o(.data)
    .compoundliteral.17                      0x2000068c   Data          12  lto-llvm-3ef4fc.o(.data)
    serving_default_input_1240_output        0x20000698   Data          28  lto-llvm-3ef4fc.o(.data)
    .compoundliteral.20                      0x200006b4   Data          16  lto-llvm-3ef4fc.o(.data)
    .compoundliteral.21                      0x200006c4   Data          16  lto-llvm-3ef4fc.o(.data)
    .compoundliteral.6                       0x200006d4   Data          16  lto-llvm-3ef4fc.o(.data)
    .compoundliteral                         0x200006e4   Data          16  lto-llvm-3ef4fc.o(.data)
    g_network_data_map_activations           0x200006f4   Data          28  lto-llvm-3ef4fc.o(.data)
    .compoundliteral.1                       0x20000710   Data          16  lto-llvm-3ef4fc.o(.data)
    g_network_data_map_weights               0x20000720   Data          28  lto-llvm-3ef4fc.o(.data)
    .compoundliteral.1.2                     0x2000073c   Data          16  lto-llvm-3ef4fc.o(.data)
    uwTickPrio                               0x20000750   Data           4  lto-llvm-3ef4fc.o(.data)
    SystemCoreClock                          0x20000754   Data           4  lto-llvm-3ef4fc.o(.data)
    conv2d_1_bias_array                      0x20000758   Data          16  lto-llvm-3ef4fc.o(.data)
    conv2d_1_weights_array                   0x20000768   Data          16  lto-llvm-3ef4fc.o(.data)
    conv2d_1_output_array                    0x20000778   Data          16  lto-llvm-3ef4fc.o(.data)
    serving_default_input_1240_output_array  0x20000788   Data          16  lto-llvm-3ef4fc.o(.data)
    dense_3_bias_array                       0x20000798   Data          16  lto-llvm-3ef4fc.o(.data)
    dense_3_weights_array                    0x200007a8   Data          16  lto-llvm-3ef4fc.o(.data)
    dense_3_output_array                     0x200007b8   Data          16  lto-llvm-3ef4fc.o(.data)
    nl_3_nl_output_array                     0x200007d0   Data          16  lto-llvm-3ef4fc.o(.data)
    dense_4_bias_array                       0x200007e0   Data          16  lto-llvm-3ef4fc.o(.data)
    dense_4_weights_array                    0x200007f0   Data          16  lto-llvm-3ef4fc.o(.data)
    dense_4_output_array                     0x20000800   Data          16  lto-llvm-3ef4fc.o(.data)
    nl_4_nl_output_array                     0x20000810   Data          16  lto-llvm-3ef4fc.o(.data)
    dense_5_bias_array                       0x20000820   Data          16  lto-llvm-3ef4fc.o(.data)
    dense_5_weights_array                    0x20000830   Data          16  lto-llvm-3ef4fc.o(.data)
    dense_5_output_array                     0x20000840   Data          16  lto-llvm-3ef4fc.o(.data)
    g_network                                0x20000850   Data          76  lto-llvm-3ef4fc.o(.data)
    [Anonymous Symbol]                       0x200008a0   Section        0  lto-llvm-3ef4fc.o(.bss)
    .compoundliteral.26                      0x200008a0   Data          16  lto-llvm-3ef4fc.o(.bss)
    .compoundliteral.89                      0x200008b0   Data           4  lto-llvm-3ef4fc.o(.bss)
    .compoundliteral.75                      0x200008b4   Data           4  lto-llvm-3ef4fc.o(.bss)
    .compoundliteral.66                      0x200008b8   Data           4  lto-llvm-3ef4fc.o(.bss)
    .compoundliteral.67                      0x200008bc   Data           4  lto-llvm-3ef4fc.o(.bss)
    .compoundliteral.53                      0x200008c0   Data           4  lto-llvm-3ef4fc.o(.bss)
    .compoundliteral.44                      0x200008c4   Data           4  lto-llvm-3ef4fc.o(.bss)
    .compoundliteral.45                      0x200008c8   Data           4  lto-llvm-3ef4fc.o(.bss)
    .compoundliteral.31                      0x200008cc   Data           4  lto-llvm-3ef4fc.o(.bss)
    .compoundliteral.14                      0x200008d0   Data          16  lto-llvm-3ef4fc.o(.bss)
    .compoundliteral.15                      0x200008e0   Data          28  lto-llvm-3ef4fc.o(.bss)
    .compoundliteral.16                      0x200008fc   Data           8  lto-llvm-3ef4fc.o(.bss)
    .compoundliteral.9                       0x20000904   Data          16  lto-llvm-3ef4fc.o(.bss)
    .compoundliteral.10                      0x20000914   Data          28  lto-llvm-3ef4fc.o(.bss)
    .compoundliteral.11                      0x20000930   Data           8  lto-llvm-3ef4fc.o(.bss)
    input                                    0x20000938   Data        5000  lto-llvm-3ef4fc.o(.bss)
    activations                              0x20001cc0   Data        5444  lto-llvm-3ef4fc.o(.bss)
    huart2                                   0x20003204   Data         132  lto-llvm-3ef4fc.o(.bss)
    g_network_weights_map                    0x20003290   Data           4  lto-llvm-3ef4fc.o(.bss)
    g_network_activations_map                0x20003294   Data           4  lto-llvm-3ef4fc.o(.bss)
    network                                  0x20003298   Data           4  lto-llvm-3ef4fc.o(.bss)
    ai_input                                 0x2000329c   Data           4  lto-llvm-3ef4fc.o(.bss)
    ai_output                                0x200032a0   Data           4  lto-llvm-3ef4fc.o(.bss)
    uwTick                                   0x200032a4   Data           4  lto-llvm-3ef4fc.o(.bss)
    result                                   0x200032a8   Data           8  lto-llvm-3ef4fc.o(.bss)
    hcrc                                     0x200032b0   Data          36  lto-llvm-3ef4fc.o(.bss)
    HEAP                                     0x200032d8   Section     2048  startup_stm32l432xx.o(HEAP)
    STACK                                    0x20003ad8   Section     2048  startup_stm32l432xx.o(STACK)

    Global Symbols

    Symbol Name                              Value     Ov Type        Size  Object(Section)

    BuildAttributes$$THM_ISAv4$E$P$D$K$B$S$7EM$VFPi3$EXTD16$VFPS$VFMA$PE$A:L22UL41UL21$X:L11$S22US41US21$IEEE1$IW$~IW$USESV6$~STKCKD$USESV7$~SHL$OTIME$ROPI$IEEEX$EBA8$MICROLIB$REQ8$PRES8$EABIv2 0x00000000   Number         0  anon$$obj.o ABSOLUTE
    _printf_a                                0x00000000   Number         0  stubs.o ABSOLUTE
    _printf_c                                0x00000000   Number         0  stubs.o ABSOLUTE
    _printf_charcount                        0x00000000   Number         0  stubs.o ABSOLUTE
    _printf_d                                0x00000000   Number         0  stubs.o ABSOLUTE
    _printf_e                                0x00000000   Number         0  stubs.o ABSOLUTE
    _printf_f                                0x00000000   Number         0  stubs.o ABSOLUTE
    _printf_flags                            0x00000000   Number         0  stubs.o ABSOLUTE
    _printf_fp_dec                           0x00000000   Number         0  stubs.o ABSOLUTE
    _printf_fp_hex                           0x00000000   Number         0  stubs.o ABSOLUTE
    _printf_g                                0x00000000   Number         0  stubs.o ABSOLUTE
    _printf_i                                0x00000000   Number         0  stubs.o ABSOLUTE
    _printf_int_dec                          0x00000000   Number         0  stubs.o ABSOLUTE
    _printf_l                                0x00000000   Number         0  stubs.o ABSOLUTE
    _printf_lc                               0x00000000   Number         0  stubs.o ABSOLUTE
    _printf_ll                               0x00000000   Number         0  stubs.o ABSOLUTE
    _printf_lld                              0x00000000   Number         0  stubs.o ABSOLUTE
    _printf_lli                              0x00000000   Number         0  stubs.o ABSOLUTE
    _printf_llo                              0x00000000   Number         0  stubs.o ABSOLUTE
    _printf_llu                              0x00000000   Number         0  stubs.o ABSOLUTE
    _printf_llx                              0x00000000   Number         0  stubs.o ABSOLUTE
    _printf_longlong_dec                     0x00000000   Number         0  stubs.o ABSOLUTE
    _printf_longlong_hex                     0x00000000   Number         0  stubs.o ABSOLUTE
    _printf_longlong_oct                     0x00000000   Number         0  stubs.o ABSOLUTE
    _printf_ls                               0x00000000   Number         0  stubs.o ABSOLUTE
    _printf_mbtowc                           0x00000000   Number         0  stubs.o ABSOLUTE
    _printf_n                                0x00000000   Number         0  stubs.o ABSOLUTE
    _printf_o                                0x00000000   Number         0  stubs.o ABSOLUTE
    _printf_p                                0x00000000   Number         0  stubs.o ABSOLUTE
    _printf_percent                          0x00000000   Number         0  stubs.o ABSOLUTE
    _printf_pre_padding                      0x00000000   Number         0  stubs.o ABSOLUTE
    _printf_return_value                     0x00000000   Number         0  stubs.o ABSOLUTE
    _printf_s                                0x00000000   Number         0  stubs.o ABSOLUTE
    _printf_sizespec                         0x00000000   Number         0  stubs.o ABSOLUTE
    _printf_str                              0x00000000   Number         0  stubs.o ABSOLUTE
    _printf_truncate_signed                  0x00000000   Number         0  stubs.o ABSOLUTE
    _printf_truncate_unsigned                0x00000000   Number         0  stubs.o ABSOLUTE
    _printf_u                                0x00000000   Number         0  stubs.o ABSOLUTE
    _printf_wc                               0x00000000   Number         0  stubs.o ABSOLUTE
    _printf_wctomb                           0x00000000   Number         0  stubs.o ABSOLUTE
    _printf_widthprec                        0x00000000   Number         0  stubs.o ABSOLUTE
    _printf_x                                0x00000000   Number         0  stubs.o ABSOLUTE
    __cpp_initialize__aeabi_                  - Undefined Weak Reference
    __cxa_finalize                            - Undefined Weak Reference
    _clock_init                               - Undefined Weak Reference
    _microlib_exit                            - Undefined Weak Reference
    __Vectors_Size                           0x0000018c   Number         0  startup_stm32l432xx.o ABSOLUTE
    __Vectors                                0x08000000   Data           4  startup_stm32l432xx.o(RESET)
    __Vectors_End                            0x0800018c   Data           0  startup_stm32l432xx.o(RESET)
    __main                                   0x0800018d   Thumb Code     0  entry.o(.ARM.Collect$$$$00000000)
    _main_stk                                0x0800018d   Thumb Code     0  entry2.o(.ARM.Collect$$$$00000001)
    _main_scatterload                        0x08000191   Thumb Code     0  entry5.o(.ARM.Collect$$$$00000004)
    __main_after_scatterload                 0x08000195   Thumb Code     0  entry5.o(.ARM.Collect$$$$00000004)
    _main_clock                              0x08000195   Thumb Code     0  entry7b.o(.ARM.Collect$$$$00000008)
    _main_cpp_init                           0x08000195   Thumb Code     0  entry8b.o(.ARM.Collect$$$$0000000A)
    _main_init                               0x08000195   Thumb Code     0  entry9a.o(.ARM.Collect$$$$0000000B)
    __rt_final_cpp                           0x0800019d   Thumb Code     0  entry10a.o(.ARM.Collect$$$$0000000D)
    __rt_final_exit                          0x0800019d   Thumb Code     0  entry11a.o(.ARM.Collect$$$$0000000F)
    Reset_Handler                            0x080001a1   Thumb Code     8  startup_stm32l432xx.o(.text)
    ADC1_IRQHandler                          0x080001bb   Thumb Code     0  startup_stm32l432xx.o(.text)
    CAN1_RX0_IRQHandler                      0x080001bb   Thumb Code     0  startup_stm32l432xx.o(.text)
    CAN1_RX1_IRQHandler                      0x080001bb   Thumb Code     0  startup_stm32l432xx.o(.text)
    CAN1_SCE_IRQHandler                      0x080001bb   Thumb Code     0  startup_stm32l432xx.o(.text)
    CAN1_TX_IRQHandler                       0x080001bb   Thumb Code     0  startup_stm32l432xx.o(.text)
    COMP_IRQHandler                          0x080001bb   Thumb Code     0  startup_stm32l432xx.o(.text)
    CRS_IRQHandler                           0x080001bb   Thumb Code     0  startup_stm32l432xx.o(.text)
    DMA1_Channel1_IRQHandler                 0x080001bb   Thumb Code     0  startup_stm32l432xx.o(.text)
    DMA1_Channel2_IRQHandler                 0x080001bb   Thumb Code     0  startup_stm32l432xx.o(.text)
    DMA1_Channel3_IRQHandler                 0x080001bb   Thumb Code     0  startup_stm32l432xx.o(.text)
    DMA1_Channel4_IRQHandler                 0x080001bb   Thumb Code     0  startup_stm32l432xx.o(.text)
    DMA1_Channel5_IRQHandler                 0x080001bb   Thumb Code     0  startup_stm32l432xx.o(.text)
    DMA1_Channel6_IRQHandler                 0x080001bb   Thumb Code     0  startup_stm32l432xx.o(.text)
    DMA1_Channel7_IRQHandler                 0x080001bb   Thumb Code     0  startup_stm32l432xx.o(.text)
    DMA2_Channel1_IRQHandler                 0x080001bb   Thumb Code     0  startup_stm32l432xx.o(.text)
    DMA2_Channel2_IRQHandler                 0x080001bb   Thumb Code     0  startup_stm32l432xx.o(.text)
    DMA2_Channel3_IRQHandler                 0x080001bb   Thumb Code     0  startup_stm32l432xx.o(.text)
    DMA2_Channel4_IRQHandler                 0x080001bb   Thumb Code     0  startup_stm32l432xx.o(.text)
    DMA2_Channel5_IRQHandler                 0x080001bb   Thumb Code     0  startup_stm32l432xx.o(.text)
    DMA2_Channel6_IRQHandler                 0x080001bb   Thumb Code     0  startup_stm32l432xx.o(.text)
    DMA2_Channel7_IRQHandler                 0x080001bb   Thumb Code     0  startup_stm32l432xx.o(.text)
    EXTI0_IRQHandler                         0x080001bb   Thumb Code     0  startup_stm32l432xx.o(.text)
    EXTI15_10_IRQHandler                     0x080001bb   Thumb Code     0  startup_stm32l432xx.o(.text)
    EXTI1_IRQHandler                         0x080001bb   Thumb Code     0  startup_stm32l432xx.o(.text)
    EXTI2_IRQHandler                         0x080001bb   Thumb Code     0  startup_stm32l432xx.o(.text)
    EXTI3_IRQHandler                         0x080001bb   Thumb Code     0  startup_stm32l432xx.o(.text)
    EXTI4_IRQHandler                         0x080001bb   Thumb Code     0  startup_stm32l432xx.o(.text)
    EXTI9_5_IRQHandler                       0x080001bb   Thumb Code     0  startup_stm32l432xx.o(.text)
    FLASH_IRQHandler                         0x080001bb   Thumb Code     0  startup_stm32l432xx.o(.text)
    FPU_IRQHandler                           0x080001bb   Thumb Code     0  startup_stm32l432xx.o(.text)
    I2C1_ER_IRQHandler                       0x080001bb   Thumb Code     0  startup_stm32l432xx.o(.text)
    I2C1_EV_IRQHandler                       0x080001bb   Thumb Code     0  startup_stm32l432xx.o(.text)
    I2C3_ER_IRQHandler                       0x080001bb   Thumb Code     0  startup_stm32l432xx.o(.text)
    I2C3_EV_IRQHandler                       0x080001bb   Thumb Code     0  startup_stm32l432xx.o(.text)
    LPTIM1_IRQHandler                        0x080001bb   Thumb Code     0  startup_stm32l432xx.o(.text)
    LPTIM2_IRQHandler                        0x080001bb   Thumb Code     0  startup_stm32l432xx.o(.text)
    LPUART1_IRQHandler                       0x080001bb   Thumb Code     0  startup_stm32l432xx.o(.text)
    PVD_PVM_IRQHandler                       0x080001bb   Thumb Code     0  startup_stm32l432xx.o(.text)
    QUADSPI_IRQHandler                       0x080001bb   Thumb Code     0  startup_stm32l432xx.o(.text)
    RCC_IRQHandler                           0x080001bb   Thumb Code     0  startup_stm32l432xx.o(.text)
    RNG_IRQHandler                           0x080001bb   Thumb Code     0  startup_stm32l432xx.o(.text)
    RTC_Alarm_IRQHandler                     0x080001bb   Thumb Code     0  startup_stm32l432xx.o(.text)
    RTC_WKUP_IRQHandler                      0x080001bb   Thumb Code     0  startup_stm32l432xx.o(.text)
    SAI1_IRQHandler                          0x080001bb   Thumb Code     0  startup_stm32l432xx.o(.text)
    SPI1_IRQHandler                          0x080001bb   Thumb Code     0  startup_stm32l432xx.o(.text)
    SPI3_IRQHandler                          0x080001bb   Thumb Code     0  startup_stm32l432xx.o(.text)
    SWPMI1_IRQHandler                        0x080001bb   Thumb Code     0  startup_stm32l432xx.o(.text)
    TAMP_STAMP_IRQHandler                    0x080001bb   Thumb Code     0  startup_stm32l432xx.o(.text)
    TIM1_BRK_TIM15_IRQHandler                0x080001bb   Thumb Code     0  startup_stm32l432xx.o(.text)
    TIM1_CC_IRQHandler                       0x080001bb   Thumb Code     0  startup_stm32l432xx.o(.text)
    TIM1_TRG_COM_IRQHandler                  0x080001bb   Thumb Code     0  startup_stm32l432xx.o(.text)
    TIM1_UP_TIM16_IRQHandler                 0x080001bb   Thumb Code     0  startup_stm32l432xx.o(.text)
    TIM2_IRQHandler                          0x080001bb   Thumb Code     0  startup_stm32l432xx.o(.text)
    TIM6_DAC_IRQHandler                      0x080001bb   Thumb Code     0  startup_stm32l432xx.o(.text)
    TIM7_IRQHandler                          0x080001bb   Thumb Code     0  startup_stm32l432xx.o(.text)
    TSC_IRQHandler                           0x080001bb   Thumb Code     0  startup_stm32l432xx.o(.text)
    USART1_IRQHandler                        0x080001bb   Thumb Code     0  startup_stm32l432xx.o(.text)
    USART2_IRQHandler                        0x080001bb   Thumb Code     0  startup_stm32l432xx.o(.text)
    USB_IRQHandler                           0x080001bb   Thumb Code     0  startup_stm32l432xx.o(.text)
    WWDG_IRQHandler                          0x080001bb   Thumb Code     0  startup_stm32l432xx.o(.text)
    __aeabi_memcpy                           0x080001c5   Thumb Code    36  memcpya.o(.text)
    __aeabi_memcpy4                          0x080001c5   Thumb Code     0  memcpya.o(.text)
    __aeabi_memcpy8                          0x080001c5   Thumb Code     0  memcpya.o(.text)
    __aeabi_memset                           0x080001e9   Thumb Code    14  memseta.o(.text)
    __aeabi_memset4                          0x080001e9   Thumb Code     0  memseta.o(.text)
    __aeabi_memset8                          0x080001e9   Thumb Code     0  memseta.o(.text)
    __aeabi_memclr                           0x080001f7   Thumb Code     4  memseta.o(.text)
    __aeabi_memclr4                          0x080001f7   Thumb Code     0  memseta.o(.text)
    __aeabi_memclr8                          0x080001f7   Thumb Code     0  memseta.o(.text)
    _memset$wrapper                          0x080001fb   Thumb Code    18  memseta.o(.text)
    memcmp                                   0x0800020d   Thumb Code    26  memcmp.o(.text)
    __0scanf                                 0x08000229   Thumb Code    26  __0scanf.o(.text)
    _scanf_int                               0x08000249   Thumb Code   332  _scanf_int.o(.text)
    _scanf_real                              0x080004c5   Thumb Code     0  scanf_fp.o(.text)
    _scanf_really_real                       0x080004c5   Thumb Code   556  scanf_fp.o(.text)
    __aeabi_uidiv                            0x08000703   Thumb Code     0  uidiv.o(.text)
    __aeabi_uidivmod                         0x08000703   Thumb Code    44  uidiv.o(.text)
    __aeabi_uldivmod                         0x0800072f   Thumb Code    98  uldiv.o(.text)
    __aeabi_llsl                             0x08000797   Thumb Code    30  llshl.o(.text)
    _ll_shift_l                              0x08000797   Thumb Code     0  llshl.o(.text)
    _chval                                   0x080007b5   Thumb Code    28  _chval.o(.text)
    __vfscanf_char_file                      0x080007d1   Thumb Code    12  scanf_char_file.o(.text)
    __I$use$fp                               0x080007e5   Thumb Code     0  iusefp.o(.text)
    __aeabi_dadd                             0x080007e5   Thumb Code   322  dadd.o(.text)
    __aeabi_dsub                             0x08000927   Thumb Code     6  dadd.o(.text)
    __aeabi_drsub                            0x0800092d   Thumb Code     6  dadd.o(.text)
    __aeabi_dmul                             0x08000943   Thumb Code   228  dmul.o(.text)
    __aeabi_ddiv                             0x08000a2d   Thumb Code   222  ddiv.o(.text)
    __aeabi_ul2d                             0x08000b0b   Thumb Code    24  dfltul.o(.text)
    __aeabi_d2ulz                            0x08000b23   Thumb Code    48  dfixul.o(.text)
    __aeabi_cdrcmple                         0x08000b55   Thumb Code    48  cdrcmple.o(.text)
    __aeabi_d2f                              0x08000b85   Thumb Code    56  d2f.o(.text)
    __scatterload                            0x08000bbd   Thumb Code    28  init.o(.text)
    __scatterload_rt2                        0x08000bbd   Thumb Code     0  init.o(.text)
    _fgetc$bs                                0x08000be1   Thumb Code    28  fgetc_b.o(.text)
    __backspace                              0x08000bfd   Thumb Code    10  fgetc_b.o(.text)
    __aeabi_llsr                             0x08000c0d   Thumb Code    32  llushr.o(.text)
    _ll_ushift_r                             0x08000c0d   Thumb Code     0  llushr.o(.text)
    __aeabi_lasr                             0x08000c2d   Thumb Code    36  llsshr.o(.text)
    _ll_sshift_r                             0x08000c2d   Thumb Code     0  llsshr.o(.text)
    __vfscanf_char                           0x08000c5d   Thumb Code    20  scanf_char.o(.text)
    _float_round                             0x08000c79   Thumb Code    18  fepilogue.o(.text)
    _float_epilogue                          0x08000c8b   Thumb Code    92  fepilogue.o(.text)
    _double_round                            0x08000ce7   Thumb Code    30  depilogue.o(.text)
    _double_epilogue                         0x08000d05   Thumb Code   156  depilogue.o(.text)
    __semihosting_library_function           0x08000da1   Thumb Code     0  semi.o(.text)
    isspace                                  0x08000da1   Thumb Code    10  isspace_c.o(.text)
    __vfscanf                                0x08000dad   Thumb Code   808  _scanf.o(.text)
    __I$use$semihosting$fgetc                0x080010df   Thumb Code     0  iusesemig.o(.text)
    __ctype_lookup                           0x080010e1   Thumb Code    34  ctype_c.o(.text)
    main                                     0x08001151   Thumb Code  2864  lto-llvm-3ef4fc.o(.text)
    fputc                                    0x08001c81   Thumb Code   168  lto-llvm-3ef4fc.o(.text)
    fgetc                                    0x08001d29   Thumb Code   224  lto-llvm-3ef4fc.o(.text)
    NMI_Handler                              0x08001e09   Thumb Code     2  lto-llvm-3ef4fc.o(.text)
    HardFault_Handler                        0x08001e0b   Thumb Code     2  lto-llvm-3ef4fc.o(.text)
    MemManage_Handler                        0x08001e0d   Thumb Code     2  lto-llvm-3ef4fc.o(.text)
    BusFault_Handler                         0x08001e0f   Thumb Code     2  lto-llvm-3ef4fc.o(.text)
    UsageFault_Handler                       0x08001e11   Thumb Code     2  lto-llvm-3ef4fc.o(.text)
    SVC_Handler                              0x08001e13   Thumb Code     2  lto-llvm-3ef4fc.o(.text)
    DebugMon_Handler                         0x08001e15   Thumb Code     2  lto-llvm-3ef4fc.o(.text)
    PendSV_Handler                           0x08001e17   Thumb Code     2  lto-llvm-3ef4fc.o(.text)
    SysTick_Handler                          0x08001e19   Thumb Code    16  lto-llvm-3ef4fc.o(.text)
    SystemInit                               0x080022d1   Thumb Code    16  lto-llvm-3ef4fc.o(.text)
    __aeabi_ui2d                             0x080022e7   Thumb Code    26  dfltui.o(.text)
    __decompress                             0x08002301   Thumb Code     0  __dclz77c.o(.text)
    __decompress2                            0x08002301   Thumb Code    94  __dclz77c.o(.text)
    __0printf                                0x080023cd   Thumb Code    22  printfa.o(i.__0printf)
    __1printf                                0x080023cd   Thumb Code     0  printfa.o(i.__0printf)
    __2printf                                0x080023cd   Thumb Code     0  printfa.o(i.__0printf)
    __c89printf                              0x080023cd   Thumb Code     0  printfa.o(i.__0printf)
    printf                                   0x080023cd   Thumb Code     0  printfa.o(i.__0printf)
    free                                     0x080024e5   Thumb Code    88  mallocr.o(i.__free$realloc)
    malloc                                   0x08002541   Thumb Code    64  mallocr.o(i.__malloc$realloc)
    __scatterload_copy                       0x08002591   Thumb Code    14  handlers.o(i.__scatterload_copy)
    __scatterload_null                       0x0800259f   Thumb Code     2  handlers.o(i.__scatterload_null)
    __scatterload_zeroinit                   0x080025a1   Thumb Code    14  handlers.o(i.__scatterload_zeroinit)
    _ai_platform_acquire_crc                 0x080027d7   Thumb Code     4  ai_platform_interface.o(i._ai_platform_acquire_crc)
    _ai_platform_release_crc                 0x080028b3   Thumb Code     2  ai_platform_interface.o(i._ai_platform_release_crc)
    _is_digit                                0x08002a3f   Thumb Code    14  scanf_fp.o(i._is_digit)
    ai_array_get_byte_size                   0x080035b1   Thumb Code    54  ai_datatypes_format.o(i.ai_array_get_byte_size)
    ai_array_get_data_byte_size              0x080035e7   Thumb Code    30  ai_datatypes_format.o(i.ai_array_get_data_byte_size)
    ai_array_to_buffer_fmt                   0x08003605   Thumb Code   242  ai_datatypes_format.o(i.ai_array_to_buffer_fmt)
    ai_buffer_array_item_set_address         0x0800372d   Thumb Code    36  ai_platform.o(i.ai_buffer_array_item_set_address)
    ai_buffer_array_sane                     0x08003751   Thumb Code    18  ai_platform.o(i.ai_buffer_array_sane)
    ai_buffer_get_size                       0x08003765   Thumb Code    96  ai_platform.o(i.ai_buffer_get_size)
    ai_check_custom_types                    0x080037cd   Thumb Code    38  layers.o(i.ai_check_custom_types)
    ai_dict_decompress_f32                   0x08003e8d   Thumb Code   122  layers_conv2d_generic_float.o(i.ai_dict_decompress_f32)
    ai_layers_forward_all                    0x08003f07   Thumb Code    78  layers.o(i.ai_layers_forward_all)
    ai_layers_init_all                       0x08003f55   Thumb Code    30  layers.o(i.ai_layers_init_all)
    ai_layers_post_init_all                  0x08003f73   Thumb Code    54  layers.o(i.ai_layers_post_init_all)
    ai_platform_bind_network_params          0x08003fa9   Thumb Code    38  ai_platform_interface.o(i.ai_platform_bind_network_params)
    ai_platform_context_acquire              0x08003fd5   Thumb Code    24  ai_platform_interface.o(i.ai_platform_context_acquire)
    ai_platform_get_activations_map          0x08003ff1   Thumb Code    38  ai_platform_interface.o(i.ai_platform_get_activations_map)
    ai_platform_get_weights_map              0x0800401d   Thumb Code    36  ai_platform_interface.o(i.ai_platform_get_weights_map)
    ai_platform_inputs_get                   0x08004045   Thumb Code    60  ai_platform_interface.o(i.ai_platform_inputs_get)
    ai_platform_interface_api_get_version    0x08004081   Thumb Code    14  ai_platform_interface.o(i.ai_platform_interface_api_get_version)
    ai_platform_network_create               0x08004095   Thumb Code   240  ai_platform_interface.o(i.ai_platform_network_create)
    ai_platform_network_get_error            0x080041a5   Thumb Code    24  ai_platform_interface.o(i.ai_platform_network_get_error)
    ai_platform_network_init                 0x080041c1   Thumb Code   254  ai_platform_interface.o(i.ai_platform_network_init)
    ai_platform_network_post_init            0x080042d3   Thumb Code    70  ai_platform_interface.o(i.ai_platform_network_post_init)
    ai_platform_network_process              0x08004319   Thumb Code    84  ai_platform_interface.o(i.ai_platform_network_process)
    ai_platform_network_set_error            0x0800436d   Thumb Code    12  ai_platform_interface.o(i.ai_platform_network_set_error)
    ai_platform_outputs_get                  0x08004379   Thumb Code    68  ai_platform_interface.o(i.ai_platform_outputs_get)
    ai_version_get                           0x080043d7   Thumb Code    12  ai_datatypes_internal.o(i.ai_version_get)
    core_get_error                           0x080043e3   Thumb Code    12  core_common.o(i.core_get_error)
    core_init                                0x080043ef   Thumb Code     4  core_common.o(i.core_init)
    core_set_error                           0x08004425   Thumb Code    26  core_common.o(i.core_set_error)
    forward_conv2d                           0x08004441   Thumb Code   656  layers_conv2d_generic_float.o(i.forward_conv2d)
    forward_dense                            0x080046dd   Thumb Code   514  layers_conv2d_generic_float.o(i.forward_dense)
    forward_relu                             0x080048eb   Thumb Code   154  layers_nl_generic_float.o(i.forward_relu)
    get_tensor_byte_size                     0x08004989   Thumb Code    34  ai_datatypes_internal.o(i.get_tensor_byte_size)
    nl_func_relu_array_f32                   0x08004a01   Thumb Code    62  layers_nl_generic_float.o(i.nl_func_relu_array_f32)
    nl_func_relu_generic_array_f32           0x08004a45   Thumb Code   190  layers_nl_generic_float.o(i.nl_func_relu_generic_array_f32)
    nl_func_relu_thresholded_array_f32       0x08004b09   Thumb Code    66  layers_nl_generic_float.o(i.nl_func_relu_thresholded_array_f32)
    __ctype_categories                       0x08004bbc   Data          64  ctype_c.o(.constdata)
    Region$$Table$$Base                      0x080060f0   Number         0  anon$$obj.o(Region$$Table)
    Region$$Table$$Limit                     0x08006110   Number         0  anon$$obj.o(Region$$Table)
    __stdin                                  0x20000000   Data           4  stdin.o(.data)
    __stdout                                 0x20000004   Data           4  stdout.o(.data)
    __microlib_freelist                      0x20000008   Data           4  mvars.o(.data)
    __microlib_freelist_initialised          0x2000000c   Data           4  mvars.o(.data)
    __heap_base                              0x200032d8   Data           0  startup_stm32l432xx.o(HEAP)
    __heap_limit                             0x20003ad8   Data           0  startup_stm32l432xx.o(HEAP)
    __initial_sp                             0x200042d8   Data           0  startup_stm32l432xx.o(STACK)



==============================================================================

Memory Map of the image

  Image Entry point : 0x0800018d

  Load Region LR_IROM1 (Base: 0x08000000, Size: 0x000069b0, Max: 0x00040000, ABSOLUTE, COMPRESSED[0x00006430])

    Execution Region ER_IROM1 (Exec base: 0x08000000, Load base: 0x08000000, Size: 0x00006110, Max: 0x00040000, ABSOLUTE)

    Exec Addr    Load Addr    Size         Type   Attr      Idx    E Section Name        Object

    0x08000000   0x08000000   0x0000018c   Data   RO            3    RESET               startup_stm32l432xx.o
    0x0800018c   0x0800018c   0x00000000   Code   RO         1131  * .ARM.Collect$$$$00000000  mc_w.l(entry.o)
    0x0800018c   0x0800018c   0x00000004   Code   RO         1487    .ARM.Collect$$$$00000001  mc_w.l(entry2.o)
    0x08000190   0x08000190   0x00000004   Code   RO         1490    .ARM.Collect$$$$00000004  mc_w.l(entry5.o)
    0x08000194   0x08000194   0x00000000   Code   RO         1492    .ARM.Collect$$$$00000008  mc_w.l(entry7b.o)
    0x08000194   0x08000194   0x00000000   Code   RO         1494    .ARM.Collect$$$$0000000A  mc_w.l(entry8b.o)
    0x08000194   0x08000194   0x00000008   Code   RO         1495    .ARM.Collect$$$$0000000B  mc_w.l(entry9a.o)
    0x0800019c   0x0800019c   0x00000000   Code   RO         1497    .ARM.Collect$$$$0000000D  mc_w.l(entry10a.o)
    0x0800019c   0x0800019c   0x00000000   Code   RO         1499    .ARM.Collect$$$$0000000F  mc_w.l(entry11a.o)
    0x0800019c   0x0800019c   0x00000004   Code   RO         1488    .ARM.Collect$$$$00002712  mc_w.l(entry2.o)
    0x080001a0   0x080001a0   0x00000024   Code   RO            4    .text               startup_stm32l432xx.o
    0x080001c4   0x080001c4   0x00000024   Code   RO         1134    .text               mc_w.l(memcpya.o)
    0x080001e8   0x080001e8   0x00000024   Code   RO         1136    .text               mc_w.l(memseta.o)
    0x0800020c   0x0800020c   0x0000001a   Code   RO         1138    .text               mc_w.l(memcmp.o)
    0x08000226   0x08000226   0x00000002   PAD
    0x08000228   0x08000228   0x00000020   Code   RO         1433    .text               mc_w.l(__0scanf.o)
    0x08000248   0x08000248   0x00000152   Code   RO         1435    .text               mc_w.l(_scanf_int.o)
    0x0800039a   0x0800039a   0x00000002   PAD
    0x0800039c   0x0800039c   0x00000366   Code   RO         1437    .text               mc_w.l(scanf_fp.o)
    0x08000702   0x08000702   0x0000002c   Code   RO         1503    .text               mc_w.l(uidiv.o)
    0x0800072e   0x0800072e   0x00000068   Code   RO         1505    .text               mc_w.l(uldiv.o)
    0x08000796   0x08000796   0x0000001e   Code   RO         1507    .text               mc_w.l(llshl.o)
    0x080007b4   0x080007b4   0x0000001c   Code   RO         1518    .text               mc_w.l(_chval.o)
    0x080007d0   0x080007d0   0x00000014   Code   RO         1524    .text               mc_w.l(scanf_char_file.o)
    0x080007e4   0x080007e4   0x00000000   Code   RO         1526    .text               mc_w.l(iusefp.o)
    0x080007e4   0x080007e4   0x0000015e   Code   RO         1531    .text               mf_w.l(dadd.o)
    0x08000942   0x08000942   0x000000ea   Code   RO         1533    .text               mf_w.l(dmul.o)
    0x08000a2c   0x08000a2c   0x000000de   Code   RO         1535    .text               mf_w.l(ddiv.o)
    0x08000b0a   0x08000b0a   0x00000018   Code   RO         1537    .text               mf_w.l(dfltul.o)
    0x08000b22   0x08000b22   0x00000030   Code   RO         1539    .text               mf_w.l(dfixul.o)
    0x08000b52   0x08000b52   0x00000002   PAD
    0x08000b54   0x08000b54   0x00000030   Code   RO         1541    .text               mf_w.l(cdrcmple.o)
    0x08000b84   0x08000b84   0x00000038   Code   RO         1543    .text               mf_w.l(d2f.o)
    0x08000bbc   0x08000bbc   0x00000024   Code   RO         1547    .text               mc_w.l(init.o)
    0x08000be0   0x08000be0   0x0000002c   Code   RO         1549    .text               mc_w.l(fgetc_b.o)
    0x08000c0c   0x08000c0c   0x00000020   Code   RO         1552    .text               mc_w.l(llushr.o)
    0x08000c2c   0x08000c2c   0x00000024   Code   RO         1554    .text               mc_w.l(llsshr.o)
    0x08000c50   0x08000c50   0x00000028   Code   RO         1556    .text               mc_w.l(scanf_char.o)
    0x08000c78   0x08000c78   0x0000006e   Code   RO         1558    .text               mf_w.l(fepilogue.o)
    0x08000ce6   0x08000ce6   0x000000ba   Code   RO         1560    .text               mf_w.l(depilogue.o)
    0x08000da0   0x08000da0   0x00000000   Code   RO         1562    .text               mc_w.l(semi.o)
    0x08000da0   0x08000da0   0x0000000a   Code   RO         1563    .text               mc_w.l(isspace_c.o)
    0x08000daa   0x08000daa   0x00000002   PAD
    0x08000dac   0x08000dac   0x00000332   Code   RO         1565    .text               mc_w.l(_scanf.o)
    0x080010de   0x080010de   0x00000000   Code   RO         1567    .text               mc_w.l(iusesemig.o)
    0x080010de   0x080010de   0x00000002   PAD
    0x080010e0   0x080010e0   0x00000028   Code   RO         1568    .text               mc_w.l(ctype_c.o)
    0x08001108   0x08001108   0x000011de   Code   RO         1571    .text               lto-llvm-3ef4fc.o
    0x080022e6   0x080022e6   0x0000001a   Code   RO         1588    .text               mf_w.l(dfltui.o)
    0x08002300   0x08002300   0x0000005e   Code   RO         1598    .text               mc_w.l(__dclz77c.o)
    0x0800235e   0x0800235e   0x00000002   PAD
    0x08002360   0x08002360   0x0000006c   Code   RO           65    i.CRC_Lock          NetworkRuntime720_CM4_Keil.lib(ai_platform_interface.o)
    0x080023cc   0x080023cc   0x00000020   Code   RO         1375    i.__0printf         mc_w.l(printfa.o)
    0x080023ec   0x080023ec   0x000000f8   Code   RO          146    i.__ai_math_dot_array  NetworkRuntime720_CM4_Keil.lib(layers_conv2d_generic_float.o)
    0x080024e4   0x080024e4   0x0000005c   Code   RO         1407    i.__free$realloc    mc_w.l(mallocr.o)
    0x08002540   0x08002540   0x00000050   Code   RO         1408    i.__malloc$realloc  mc_w.l(mallocr.o)
    0x08002590   0x08002590   0x0000000e   Code   RO         1592    i.__scatterload_copy  mc_w.l(handlers.o)
    0x0800259e   0x0800259e   0x00000002   Code   RO         1593    i.__scatterload_null  mc_w.l(handlers.o)
    0x080025a0   0x080025a0   0x0000000e   Code   RO         1594    i.__scatterload_zeroinit  mc_w.l(handlers.o)
    0x080025ae   0x080025ae   0x00000002   PAD
    0x080025b0   0x080025b0   0x0000012c   Code   RO          147    i._ai_dict4_dot_array_f32  NetworkRuntime720_CM4_Keil.lib(layers_conv2d_generic_float.o)
    0x080026dc   0x080026dc   0x000000e8   Code   RO          148    i._ai_dict8_dot_array_f32  NetworkRuntime720_CM4_Keil.lib(layers_conv2d_generic_float.o)
    0x080027c4   0x080027c4   0x00000012   Code   RO          837    i._ai_forward_layer  NetworkRuntime720_CM4_Keil.lib(layers.o)
    0x080027d6   0x080027d6   0x00000004   Code   RO           66    i._ai_platform_acquire_crc  NetworkRuntime720_CM4_Keil.lib(ai_platform_interface.o)
    0x080027da   0x080027da   0x00000002   PAD
    0x080027dc   0x080027dc   0x000000d6   Code   RO           67    i._ai_platform_get_io_buffers_info  NetworkRuntime720_CM4_Keil.lib(ai_platform_interface.o)
    0x080028b2   0x080028b2   0x00000002   Code   RO           68    i._ai_platform_release_crc  NetworkRuntime720_CM4_Keil.lib(ai_platform_interface.o)
    0x080028b4   0x080028b4   0x0000018a   Code   RO         1382    i._fp_digits        mc_w.l(printfa.o)
    0x08002a3e   0x08002a3e   0x0000000e   Code   RO         1439    i._is_digit         mc_w.l(scanf_fp.o)
    0x08002a4c   0x08002a4c   0x0000004c   Code   RO           69    i._platform_ai_buffer_array_copy  NetworkRuntime720_CM4_Keil.lib(ai_platform_interface.o)
    0x08002a98   0x08002a98   0x00000050   Code   RO           70    i._platform_get_table_map_from_buffer  NetworkRuntime720_CM4_Keil.lib(ai_platform_interface.o)
    0x08002ae8   0x08002ae8   0x00000044   Code   RO           71    i._platform_get_table_map_from_buffer_array  NetworkRuntime720_CM4_Keil.lib(ai_platform_interface.o)
    0x08002b2c   0x08002b2c   0x00000014   Code   RO           72    i._platform_network_buffers_signature_valid  NetworkRuntime720_CM4_Keil.lib(ai_platform_interface.o)
    0x08002b40   0x08002b40   0x00000216   Code   RO           73    i._platform_network_io_bind  NetworkRuntime720_CM4_Keil.lib(ai_platform_interface.o)
    0x08002d56   0x08002d56   0x0000003e   Code   RO           74    i._platform_network_state_setup  NetworkRuntime720_CM4_Keil.lib(ai_platform_interface.o)
    0x08002d94   0x08002d94   0x00000068   Code   RO           75    i._platform_network_state_update_input  NetworkRuntime720_CM4_Keil.lib(ai_platform_interface.o)
    0x08002dfc   0x08002dfc   0x00000080   Code   RO           76    i._platform_network_state_update_output  NetworkRuntime720_CM4_Keil.lib(ai_platform_interface.o)
    0x08002e7c   0x08002e7c   0x000006e2   Code   RO         1383    i._printf_core      mc_w.l(printfa.o)
    0x0800355e   0x0800355e   0x00000024   Code   RO         1384    i._printf_post_padding  mc_w.l(printfa.o)
    0x08003582   0x08003582   0x0000002e   Code   RO         1385    i._printf_pre_padding  mc_w.l(printfa.o)
    0x080035b0   0x080035b0   0x00000036   Code   RO          367    i.ai_array_get_byte_size  NetworkRuntime720_CM4_Keil.lib(ai_datatypes_format.o)
    0x080035e6   0x080035e6   0x0000001e   Code   RO          368    i.ai_array_get_data_byte_size  NetworkRuntime720_CM4_Keil.lib(ai_datatypes_format.o)
    0x08003604   0x08003604   0x00000128   Code   RO          370    i.ai_array_to_buffer_fmt  NetworkRuntime720_CM4_Keil.lib(ai_datatypes_format.o)
    0x0800372c   0x0800372c   0x00000024   Code   RO           51    i.ai_buffer_array_item_set_address  NetworkRuntime720_CM4_Keil.lib(ai_platform.o)
    0x08003750   0x08003750   0x00000012   Code   RO           52    i.ai_buffer_array_sane  NetworkRuntime720_CM4_Keil.lib(ai_platform.o)
    0x08003762   0x08003762   0x00000002   PAD
    0x08003764   0x08003764   0x00000068   Code   RO           54    i.ai_buffer_get_size  NetworkRuntime720_CM4_Keil.lib(ai_platform.o)
    0x080037cc   0x080037cc   0x0000002c   Code   RO          838    i.ai_check_custom_types  NetworkRuntime720_CM4_Keil.lib(layers.o)
    0x080037f8   0x080037f8   0x00000126   Code   RO          149    i.ai_conv2d_kernel_depthwise_f32  NetworkRuntime720_CM4_Keil.lib(layers_conv2d_generic_float.o)
    0x0800391e   0x0800391e   0x00000002   PAD
    0x08003920   0x08003920   0x0000016a   Code   RO          150    i.ai_conv2d_kernel_group_f32  NetworkRuntime720_CM4_Keil.lib(layers_conv2d_generic_float.o)
    0x08003a8a   0x08003a8a   0x00000002   PAD
    0x08003a8c   0x08003a8c   0x0000018c   Code   RO          151    i.ai_conv2d_kernel_simple_opt_f32  NetworkRuntime720_CM4_Keil.lib(layers_conv2d_generic_float.o)
    0x08003c18   0x08003c18   0x00000274   Code   RO          152    i.ai_conv2d_stripe_f32  NetworkRuntime720_CM4_Keil.lib(layers_conv2d_generic_float.o)
    0x08003e8c   0x08003e8c   0x0000007a   Code   RO          155    i.ai_dict_decompress_f32  NetworkRuntime720_CM4_Keil.lib(layers_conv2d_generic_float.o)
    0x08003f06   0x08003f06   0x0000004e   Code   RO          842    i.ai_layers_forward_all  NetworkRuntime720_CM4_Keil.lib(layers.o)
    0x08003f54   0x08003f54   0x0000001e   Code   RO          843    i.ai_layers_init_all  NetworkRuntime720_CM4_Keil.lib(layers.o)
    0x08003f72   0x08003f72   0x00000036   Code   RO          844    i.ai_layers_post_init_all  NetworkRuntime720_CM4_Keil.lib(layers.o)
    0x08003fa8   0x08003fa8   0x0000002c   Code   RO           80    i.ai_platform_bind_network_params  NetworkRuntime720_CM4_Keil.lib(ai_platform_interface.o)
    0x08003fd4   0x08003fd4   0x0000001c   Code   RO           81    i.ai_platform_context_acquire  NetworkRuntime720_CM4_Keil.lib(ai_platform_interface.o)
    0x08003ff0   0x08003ff0   0x0000002c   Code   RO           83    i.ai_platform_get_activations_map  NetworkRuntime720_CM4_Keil.lib(ai_platform_interface.o)
    0x0800401c   0x0800401c   0x00000028   Code   RO           84    i.ai_platform_get_weights_map  NetworkRuntime720_CM4_Keil.lib(ai_platform_interface.o)
    0x08004044   0x08004044   0x0000003c   Code   RO           85    i.ai_platform_inputs_get  NetworkRuntime720_CM4_Keil.lib(ai_platform_interface.o)
    0x08004080   0x08004080   0x00000014   Code   RO           86    i.ai_platform_interface_api_get_version  NetworkRuntime720_CM4_Keil.lib(ai_platform_interface.o)
    0x08004094   0x08004094   0x0000010e   Code   RO           87    i.ai_platform_network_create  NetworkRuntime720_CM4_Keil.lib(ai_platform_interface.o)
    0x080041a2   0x080041a2   0x00000002   PAD
    0x080041a4   0x080041a4   0x0000001c   Code   RO           89    i.ai_platform_network_get_error  NetworkRuntime720_CM4_Keil.lib(ai_platform_interface.o)
    0x080041c0   0x080041c0   0x00000112   Code   RO           90    i.ai_platform_network_init  NetworkRuntime720_CM4_Keil.lib(ai_platform_interface.o)
    0x080042d2   0x080042d2   0x00000046   Code   RO           91    i.ai_platform_network_post_init  NetworkRuntime720_CM4_Keil.lib(ai_platform_interface.o)
    0x08004318   0x08004318   0x00000054   Code   RO           92    i.ai_platform_network_process  NetworkRuntime720_CM4_Keil.lib(ai_platform_interface.o)
    0x0800436c   0x0800436c   0x0000000c   Code   RO           93    i.ai_platform_network_set_error  NetworkRuntime720_CM4_Keil.lib(ai_platform_interface.o)
    0x08004378   0x08004378   0x00000044   Code   RO           99    i.ai_platform_outputs_get  NetworkRuntime720_CM4_Keil.lib(ai_platform_interface.o)
    0x080043bc   0x080043bc   0x0000001a   Code   RO          189    i.ai_shape_get_size  NetworkRuntime720_CM4_Keil.lib(layers_nl_generic_float.o)
    0x080043d6   0x080043d6   0x0000000c   Code   RO          391    i.ai_version_get    NetworkRuntime720_CM4_Keil.lib(ai_datatypes_internal.o)
    0x080043e2   0x080043e2   0x0000000c   Code   RO          853    i.core_get_error    NetworkRuntime720_CM4_Keil.lib(core_common.o)
    0x080043ee   0x080043ee   0x00000004   Code   RO          854    i.core_init         NetworkRuntime720_CM4_Keil.lib(core_common.o)
    0x080043f2   0x080043f2   0x00000010   Code   RO          157    i.core_nl_get_params_byte_size  NetworkRuntime720_CM4_Keil.lib(layers_conv2d_generic_float.o)
    0x08004402   0x08004402   0x00000012   Code   RO          158    i.core_nl_get_params_ptr  NetworkRuntime720_CM4_Keil.lib(layers_conv2d_generic_float.o)
    0x08004414   0x08004414   0x00000010   Code   RO          159    i.core_nl_get_params_stride  NetworkRuntime720_CM4_Keil.lib(layers_conv2d_generic_float.o)
    0x08004424   0x08004424   0x0000001a   Code   RO          855    i.core_set_error    NetworkRuntime720_CM4_Keil.lib(core_common.o)
    0x0800443e   0x0800443e   0x00000002   PAD
    0x08004440   0x08004440   0x0000029a   Code   RO          160    i.forward_conv2d    NetworkRuntime720_CM4_Keil.lib(layers_conv2d_generic_float.o)
    0x080046da   0x080046da   0x00000002   PAD
    0x080046dc   0x080046dc   0x0000020e   Code   RO          162    i.forward_dense     NetworkRuntime720_CM4_Keil.lib(layers_conv2d_generic_float.o)
    0x080048ea   0x080048ea   0x0000009a   Code   RO          214    i.forward_relu      NetworkRuntime720_CM4_Keil.lib(layers_nl_generic_float.o)
    0x08004984   0x08004984   0x00000002   Code   RO          165    i.func_dummy        NetworkRuntime720_CM4_Keil.lib(layers_conv2d_generic_float.o)
    0x08004986   0x08004986   0x00000002   PAD
    0x08004988   0x08004988   0x00000028   Code   RO          392    i.get_tensor_byte_size  NetworkRuntime720_CM4_Keil.lib(ai_datatypes_internal.o)
    0x080049b0   0x080049b0   0x00000050   Code   RO         1409    i.internal_alloc    mc_w.l(mallocr.o)
    0x08004a00   0x08004a00   0x00000044   Code   RO          256    i.nl_func_relu_array_f32  NetworkRuntime720_CM4_Keil.lib(layers_nl_generic_float.o)
    0x08004a44   0x08004a44   0x000000c4   Code   RO          257    i.nl_func_relu_generic_array_f32  NetworkRuntime720_CM4_Keil.lib(layers_nl_generic_float.o)
    0x08004b08   0x08004b08   0x00000048   Code   RO          258    i.nl_func_relu_thresholded_array_f32  NetworkRuntime720_CM4_Keil.lib(layers_nl_generic_float.o)
    0x08004b50   0x08004b50   0x0000006c   Data   RO          102    .constdata          NetworkRuntime720_CM4_Keil.lib(ai_platform_interface.o)
    0x08004bbc   0x08004bbc   0x00000040   Data   RO         1569    .constdata          mc_w.l(ctype_c.o)
    0x08004bfc   0x08004bfc   0x00000004   PAD
    0x08004c00   0x08004c00   0x000014e8   Data   RO         1574    .rodata             lto-llvm-3ef4fc.o
    0x080060e8   0x080060e8   0x00000008   Data   RO         1577    .rodata.cst8        lto-llvm-3ef4fc.o
    0x080060f0   0x080060f0   0x00000020   Data   RO         1590    Region$$Table       anon$$obj.o


    Execution Region RW_IRAM2 (Exec base: 0x10000000, Load base: 0x08006430, Size: 0x00000000, Max: 0x00004000, ABSOLUTE)

    **** No section assigned to this execution region ****


    Execution Region RW_IRAM1 (Exec base: 0x20000000, Load base: 0x08006110, Size: 0x000042d8, Max: 0x0000c000, ABSOLUTE, COMPRESSED[0x00000320])

    Exec Addr    Load Addr    Size         Type   Attr      Idx    E Section Name        Object

    0x20000000   COMPRESSED   0x00000004   Data   RW         1501    .data               mc_w.l(stdin.o)
    0x20000004   COMPRESSED   0x00000004   Data   RW         1502    .data               mc_w.l(stdout.o)
    0x20000008   COMPRESSED   0x00000004   Data   RW         1509    .data               mc_w.l(mvars.o)
    0x2000000c   COMPRESSED   0x00000004   Data   RW         1510    .data               mc_w.l(mvars.o)
    0x20000010   COMPRESSED   0x00000003   Data   RW         1550    .data               mc_w.l(fgetc_b.o)
    0x20000013   COMPRESSED   0x0000000d   PAD
    0x20000020   COMPRESSED   0x0000087c   Data   RW         1573    .data               lto-llvm-3ef4fc.o
    0x2000089c   COMPRESSED   0x00000004   PAD
    0x200008a0        -       0x00002a34   Zero   RW         1575    .bss                lto-llvm-3ef4fc.o
    0x200032d4   COMPRESSED   0x00000004   PAD
    0x200032d8        -       0x00000800   Zero   RW            2    HEAP                startup_stm32l432xx.o
    0x20003ad8        -       0x00000800   Zero   RW            1    STACK               startup_stm32l432xx.o


==============================================================================

Image component sizes


      Code (inc. data)   RO Data    RW Data    ZI Data      Debug   Object Name

      4574        422       5360       2172      10804      75361   lto-llvm-3ef4fc.o
        36          8        396          0       4096        796   startup_stm32l432xx.o

    ----------------------------------------------------------------------
      4610        430       5788       2172      14908      76157   Object Totals
         0          0         32          0          0          0   (incl. Generated)
         0          0          0          0          8          0   (incl. Padding)

    ----------------------------------------------------------------------

      Code (inc. data)   RO Data    RW Data    ZI Data      Debug   Library Member Name

       380         54          0          0          0        360   ai_datatypes_format.o
        52          6          0          0          0        232   ai_datatypes_internal.o
       158          8          0          0          0        368   ai_platform.o
      2442        110        108          0          0       3244   ai_platform_interface.o
        42          0          0          0          0        348   core_common.o
       224          6          0          0          0        624   layers.o
      3826         42          0          0          0       1908   layers_conv2d_generic_float.o
       516         18          0          0          0        656   layers_nl_generic_float.o
        32          6          0          0          0         84   __0scanf.o
        94          0          0          0          0          0   __dclz77c.o
        28          0          0          0          0         68   _chval.o
       818          4          0          0          0        112   _scanf.o
       338          0          0          0          0         96   _scanf_int.o
        40          6         64          0          0         68   ctype_c.o
         0          0          0          0          0          0   entry.o
         0          0          0          0          0          0   entry10a.o
         0          0          0          0          0          0   entry11a.o
         8          4          0          0          0          0   entry2.o
         4          0          0          0          0          0   entry5.o
         0          0          0          0          0          0   entry7b.o
         0          0          0          0          0          0   entry8b.o
         8          4          0          0          0          0   entry9a.o
        44          6          0          3          0        144   fgetc_b.o
        30          0          0          0          0          0   handlers.o
        36          8          0          0          0         68   init.o
        10          0          0          0          0         68   isspace_c.o
         0          0          0          0          0          0   iusefp.o
         0          0          0          0          0          0   iusesemig.o
        30          0          0          0          0         68   llshl.o
        36          0          0          0          0         68   llsshr.o
        32          0          0          0          0         68   llushr.o
       252         24          0          0          0        252   mallocr.o
        26          0          0          0          0         80   memcmp.o
        36          0          0          0          0         68   memcpya.o
        36          0          0          0          0        108   memseta.o
         0          0          0          8          0          0   mvars.o
      2270         90          0          0          0        452   printfa.o
        40          8          0          0          0         84   scanf_char.o
        20          8          0          0          0         68   scanf_char_file.o
       884         12          0          0          0        216   scanf_fp.o
         0          0          0          0          0          0   semi.o
         0          0          0          4          0          0   stdin.o
         0          0          0          4          0          0   stdout.o
        44          0          0          0          0         80   uidiv.o
       104          0          0          0          0         92   uldiv.o
        48          0          0          0          0         68   cdrcmple.o
        56          0          0          0          0         88   d2f.o
       350          0          0          0          0        148   dadd.o
       222          0          0          0          0        100   ddiv.o
       186          0          0          0          0        176   depilogue.o
        48          0          0          0          0         68   dfixul.o
        26          0          0          0          0         76   dfltui.o
        24          0          0          0          0         76   dfltul.o
       234          0          0          0          0         96   dmul.o
       110          0          0          0          0        168   fepilogue.o

    ----------------------------------------------------------------------
     14274        424        176         32          0      11216   Library Totals
        30          0          4         13          0          0   (incl. Padding)

    ----------------------------------------------------------------------

      Code (inc. data)   RO Data    RW Data    ZI Data      Debug   Library Name

      7640        244        108          0          0       7740   NetworkRuntime720_CM4_Keil.lib
      5300        180         64         19          0       2412   mc_w.l
      1304          0          0          0          0       1064   mf_w.l

    ----------------------------------------------------------------------
     14274        424        176         32          0      11216   Library Totals

    ----------------------------------------------------------------------

==============================================================================


      Code (inc. data)   RO Data    RW Data    ZI Data      Debug   

     18884        854       5964       2204      14908      80385   Grand Totals
     18884        854       5964        800      14908      80385   ELF Image Totals (compressed)
     18884        854       5964        800          0          0   ROM Totals

==============================================================================

    Total RO  Size (Code + RO Data)                24848 (  24.27kB)
    Total RW  Size (RW Data + ZI Data)             17112 (  16.71kB)
    Total ROM Size (Code + RO Data + RW Data)      25648 (  25.05kB)

==============================================================================

